 usb_bindings

 Timestamp is 586288f6 (Tue Dec 27 07:29:58 2016)

 Preferred load address is 10000000

 Start         Length     Name                   Class
 0001:00000000 000000e0H .text$di                CODE
 0001:000000e0 00030160H .text$mn                CODE
 0001:00030240 000006d0H .text$x                 CODE
 0001:00030910 00000178H .text$yd                CODE
 0002:00000000 00000308H .idata$5                DATA
 0002:00000308 00000004H .00cfg                  DATA
 0002:0000030c 00000004H .CRT$XCA                DATA
 0002:00000310 00000018H .CRT$XCU                DATA
 0002:00000328 00000004H .CRT$XCZ                DATA
 0002:0000032c 00000004H .CRT$XIA                DATA
 0002:00000330 0000000cH .CRT$XIC                DATA
 0002:0000033c 00000004H .CRT$XIZ                DATA
 0002:00000340 00000004H .CRT$XPA                DATA
 0002:00000344 00000008H .CRT$XPX                DATA
 0002:0000034c 00000004H .CRT$XPXA               DATA
 0002:00000350 00000004H .CRT$XPZ                DATA
 0002:00000354 00000004H .CRT$XTA                DATA
 0002:00000358 00000008H .CRT$XTZ                DATA
 0002:00000360 0000c2b4H .rdata                  DATA
 0002:0000c614 0000021cH .rdata$r                DATA
 0002:0000c830 0000009cH .rdata$sxdata           DATA
 0002:0000c8cc 00000388H .rdata$zzzdbg           DATA
 0002:0000cc54 00000004H .rtc$IAA                DATA
 0002:0000cc58 00000004H .rtc$IZZ                DATA
 0002:0000cc5c 00000004H .rtc$TAA                DATA
 0002:0000cc60 00000008H .rtc$TZZ                DATA
 0002:0000cc68 00000d48H .xdata$x                DATA
 0002:0000d9b0 0000005cH .edata                  DATA
 0002:0000da0c 0000003cH .idata$2                DATA
 0002:0000da48 00000014H .idata$3                DATA
 0002:0000da5c 00000308H .idata$4                DATA
 0002:0000dd64 00001b1cH .idata$6                DATA
 0003:00000000 00000890H .data                   DATA
 0003:00000890 000000f0H .data$r                 DATA
 0003:00000980 00004f98H .bss                    DATA
 0004:00000000 00000094H .gfids$x                DATA
 0004:00000094 00000074H .gfids$y                DATA
 0005:00000000 00000060H .rsrc$01                DATA
 0005:00000060 00000180H .rsrc$02                DATA

  Address         Publics by Value              Rva+Base       Lib:Object

 0000:00000000       __except_list              00000000     <absolute>
 0000:00000000       ___guard_longjmp_count     00000000     <absolute>
 0000:00000000       ___guard_fids_count        00000000     <absolute>
 0000:00000000       ___guard_longjmp_table     00000000     <absolute>
 0000:00000000       ___guard_iat_table         00000000     <absolute>
 0000:00000000       ___guard_iat_count         00000000     <absolute>
 0000:00000000       ___guard_fids_table        00000000     <absolute>
 0000:00000000       ___dynamic_value_reloc_table 00000000     <absolute>
 0000:00000027       ___safe_se_handler_count   00000027     <absolute>
 0000:00000100       ___guard_flags             00000100     <absolute>
 0000:00000000       ___ImageBase               10000000     <linker-defined>
 0001:000001a0       ?New@?$Factory@VFunctionTemplate@v8@@@imp@Nan@@SA?AV?$Local@VFunctionTemplate@v8@@@v8@@P6AXABV?$FunctionCallbackInfo@VValue@v8@@@3@@ZV?$Local@VValue@v8@@@5@V?$Local@VSignature@v8@@@5@@Z 100011a0 f i node_usb.obj
 0001:00000300       ?Error@Nan@@YA?AV?$Local@VValue@v8@@@v8@@PBD@Z 10001300 f i node_usb.obj
 0001:000003b0       ??1EscapableHandleScope@Nan@@QAE@XZ 100013b0 f i node_usb.obj
 0001:000003b0       ??1HandleScope@Nan@@QAE@XZ 100013b0 f i node_usb.obj
 0001:000003c0       ?ThrowTypeError@Nan@@YAXPBD@Z 100013c0 f i node_usb.obj
 0001:00000460       ?ThrowError@Nan@@YAXV?$Local@VValue@v8@@@v8@@@Z 10001460 f i node_usb.obj
 0001:00000480       ??1?$Persistent@VObject@v8@@V?$NonCopyablePersistentTraits@VObject@v8@@@2@@Nan@@QAE@XZ 10001480 f i node_usb.obj
 0001:00000480       ??1?$Persistent@VFunction@v8@@V?$NonCopyablePersistentTraits@VFunction@v8@@@2@@Nan@@QAE@XZ 10001480 f i device.obj
 0001:000004c0       ?USBThreadFn@@YAXPAX@Z     100014c0 f   node_usb.obj
 0001:00000500       _Initialize                10001500 f   node_usb.obj
 0001:00000630       ?SetDebugLevel@@YAXABV?$FunctionCallbackInfo@VValue@v8@@@Nan@@@Z 10001630 f   node_usb.obj
 0001:00000740       ?GetDeviceList@@YAXABV?$FunctionCallbackInfo@VValue@v8@@@Nan@@@Z 10001740 f   node_usb.obj
 0001:00000860       ?handleHotplug@@YAXU?$pair@PAUlibusb_device@@W4libusb_hotplug_event@@@std@@@Z 10001860 f   node_usb.obj
 0001:00000960       ?hotplug_callback@@YGHPAUlibusb_context@@PAUlibusb_device@@W4libusb_hotplug_event@@PAX@Z 10001960 f   node_usb.obj
 0001:00000a00       ?EnableHotplugEvents@@YAXABV?$FunctionCallbackInfo@VValue@v8@@@Nan@@@Z 10001a00 f   node_usb.obj
 0001:00000b20       ?DisableHotplugEvents@@YAXABV?$FunctionCallbackInfo@VValue@v8@@@Nan@@@Z 10001b20 f   node_usb.obj
 0001:00000be0       ?initConstants@@YAXV?$Local@VObject@v8@@@v8@@@Z 10001be0 f   node_usb.obj
 0001:00002f50       ?libusbException@@YA?AV?$Local@VValue@v8@@@v8@@H@Z 10003f50 f   node_usb.obj
 0001:00003010       ??0?$UVQueue@U?$pair@PAUlibusb_device@@W4libusb_hotplug_event@@@std@@@@QAE@P6AXU?$pair@PAUlibusb_device@@W4libusb_hotplug_event@@@std@@@ZH@Z 10004010 f i node_usb.obj
 0001:000030e0       ?internal_callback@?$UVQueue@U?$pair@PAUlibusb_device@@W4libusb_hotplug_event@@@std@@@@CAXPAUuv_async_s@@@Z 100040e0 f i node_usb.obj
 0001:00003190       ?_Tidy@?$deque@U?$pair@PAUlibusb_device@@W4libusb_hotplug_event@@@std@@V?$allocator@U?$pair@PAUlibusb_device@@W4libusb_hotplug_event@@@std@@@2@@std@@IAEXXZ 10004190 f i node_usb.obj
 0001:00003190       ?_Tidy@?$deque@PAUTransfer@@V?$allocator@PAUTransfer@@@std@@@std@@IAEXXZ 10004190 f i transfer.obj
 0001:00003250       ?push_back@?$deque@U?$pair@PAUlibusb_device@@W4libusb_hotplug_event@@@std@@V?$allocator@U?$pair@PAUlibusb_device@@W4libusb_hotplug_event@@@std@@@2@@std@@QAEXABU?$pair@PAUlibusb_device@@W4libusb_hotplug_event@@@2@@Z 10004250 f i node_usb.obj
 0001:000032e0       ___except_validate_jump_buffer 100042e0 f i libvcruntime:jbcxrval.obj
 0001:000032e0       ??3@YAXPAX0@Z              100042e0 f i device.obj
 0001:000032e0       ?_Orphan_all@?$_Deque_alloc@U?$_Deque_base_types@PAUTransfer@@V?$allocator@PAUTransfer@@@std@@@std@@@std@@QAEXXZ 100042e0 f i transfer.obj
 0001:000032e0       ??1?$_Compressed_pair@U?$_Wrap_alloc@V?$allocator@U?$pair@PAUlibusb_device@@W4libusb_hotplug_event@@@std@@@std@@@std@@V?$_Deque_val@U?$_Deque_simple_types@U?$pair@PAUlibusb_device@@W4libusb_hotplug_event@@@std@@@std@@@2@$00@std@@QAE@XZ 100042e0 f i node_usb.obj
 0001:000032e0       ??1?$_Compressed_pair@U?$_Wrap_alloc@V?$allocator@PAUTransfer@@@std@@@std@@V?$_Deque_val@U?$_Deque_simple_types@PAUTransfer@@@std@@@2@$00@std@@QAE@XZ 100042e0 f i transfer.obj
 0001:000032e0       ?_Orphan_all@?$_Deque_alloc@U?$_Deque_base_types@U?$pair@PAUlibusb_device@@W4libusb_hotplug_event@@@std@@V?$allocator@U?$pair@PAUlibusb_device@@W4libusb_hotplug_event@@@std@@@2@@std@@@std@@QAEXXZ 100042e0 f i node_usb.obj
 0001:000032e0       @_guard_check_icall_nop@4  100042e0 f i LIBCMT:guard_support.obj
 0001:000032e0       ___except_validate_context_record 100042e0 f i libvcruntime:jbcxrval.obj
 0001:000032f0       ?deallocate@?$_Wrap_alloc@V?$allocator@PAU?$pair@PAUlibusb_device@@W4libusb_hotplug_event@@@std@@@std@@@std@@QAEXPAPAU?$pair@PAUlibusb_device@@W4libusb_hotplug_event@@@2@I@Z 100042f0 f i node_usb.obj
 0001:000032f0       ?deallocate@?$_Wrap_alloc@V?$allocator@PAPAUTransfer@@@std@@@std@@QAEXPAPAPAUTransfer@@I@Z 100042f0 f i transfer.obj
 0001:00003350       ?_Growmap@?$deque@U?$pair@PAUlibusb_device@@W4libusb_hotplug_event@@@std@@V?$allocator@U?$pair@PAUlibusb_device@@W4libusb_hotplug_event@@@std@@@2@@std@@IAEXI@Z 10004350 f i node_usb.obj
 0001:000034d0       ?begin@?$deque@U?$pair@PAUlibusb_device@@W4libusb_hotplug_event@@@std@@V?$allocator@U?$pair@PAUlibusb_device@@W4libusb_hotplug_event@@@std@@@2@@std@@QAE?AV?$_Deque_iterator@V?$_Deque_val@U?$_Deque_simple_types@U?$pair@PAUlibusb_device@@W4libusb_hotplug_event@@@std@@@std@@@std@@@2@XZ 100044d0 f i node_usb.obj
 0001:000034d0       ?begin@?$deque@PAUTransfer@@V?$allocator@PAUTransfer@@@std@@@std@@QAE?AV?$_Deque_iterator@V?$_Deque_val@U?$_Deque_simple_types@PAUTransfer@@@std@@@std@@@2@XZ 100044d0 f i transfer.obj
 0001:000034f0       ??$Reset@VObject@v8@@@?$Persistent@VObject@v8@@V?$NonCopyablePersistentTraits@VObject@v8@@@2@@Nan@@QAEXABV?$Local@VObject@v8@@@v8@@@Z 100044f0 f i node_usb.obj
 0001:000034f0       ??$Reset@VFunction@v8@@@?$Persistent@VFunction@v8@@V?$NonCopyablePersistentTraits@VFunction@v8@@@2@@Nan@@QAEXABV?$Local@VFunction@v8@@@v8@@@Z 100044f0 f i device.obj
 0001:00003530       ??$SetMethod@VObject@v8@@VLocal@2@@Nan@@YAXV?$Local@VObject@v8@@@v8@@PBDP6AXABV?$FunctionCallbackInfo@VValue@v8@@@0@@Z@Z 10004530 f i node_usb.obj
 0001:000035f0       ??$?0AAU?$_Wrap_alloc@V?$allocator@PAUTransfer@@@std@@@std@@@?$_Wrap_alloc@V?$allocator@U_Container_proxy@std@@@std@@@std@@QAE@AAU?$_Wrap_alloc@V?$allocator@PAUTransfer@@@std@@@1@@Z 100045f0 f i transfer.obj
 0001:000035f0       ??$?0AAU?$_Wrap_alloc@V?$allocator@U?$pair@PAUlibusb_device@@W4libusb_hotplug_event@@@std@@@std@@@std@@@?$_Wrap_alloc@V?$allocator@U_Container_proxy@std@@@std@@@std@@QAE@AAU?$_Wrap_alloc@V?$allocator@U?$pair@PAUlibusb_device@@W4libusb_hotplug_event@@@std@@@std@@@1@@Z 100045f0 f i node_usb.obj
 0001:00003600       ??$destroy@U_Container_proxy@std@@@?$_Wrap_alloc@V?$allocator@U_Container_proxy@std@@@std@@@std@@QAEXPAU_Container_proxy@1@@Z 10004600 f i node_usb.obj
 0001:00003600       ??$destroy@PAU?$_Tree_node@U?$pair@QAUlibusb_device@@V?$Persistent@VObject@v8@@V?$NonCopyablePersistentTraits@VObject@v8@@@2@@Nan@@@std@@PAX@std@@@?$_Wrap_alloc@V?$allocator@U?$_Tree_node@U?$pair@QAUlibusb_device@@V?$Persistent@VObject@v8@@V?$NonCopyablePersistentTraits@VObject@v8@@@2@@Nan@@@std@@PAX@std@@@std@@@std@@QAEXPAPAU?$_Tree_node@U?$pair@QAUlibusb_device@@V?$Persistent@VObject@v8@@V?$NonCopyablePersistentTraits@VObject@v8@@@2@@Nan@@@std@@PAX@1@@Z 10004600 f i device.obj
 0001:00003610       ??$SetMethodAux@V?$Local@VObject@v8@@@v8@@@imp@Nan@@YAXV?$Local@VObject@v8@@@v8@@V?$Local@VString@v8@@@3@V?$Local@VFunctionTemplate@v8@@@3@ZZ 10004610 f i node_usb.obj
 0001:00003670       ?New@Nan@@YA?AV?$Local@VInt32@v8@@@v8@@H@Z 10004670 f i device.obj
 0001:000036d0       ?ThrowError@Nan@@YAXPBD@Z  100046d0 f i device.obj
 0001:00003770       ?SetPrototypeMethod@Nan@@YAXV?$Local@VFunctionTemplate@v8@@@v8@@PBDP6AXABV?$FunctionCallbackInfo@VValue@v8@@@1@@Z@Z 10004770 f i device.obj
 0001:00003850       ??1ObjectWrap@Nan@@UAE@XZ  10004850 f i device.obj
 0001:000038e0       ?Wrap@ObjectWrap@Nan@@IAEXV?$Local@VObject@v8@@@v8@@@Z 100048e0 f i device.obj
 0001:00003950       ?Ref@ObjectWrap@Nan@@MAEXXZ 10004950 f i device.obj
 0001:00003970       ?Unref@ObjectWrap@Nan@@MAEXXZ 10004970 f i device.obj
 0001:000039a0       ?WeakCallback@ObjectWrap@Nan@@CAXABV?$WeakCallbackInfo@VObjectWrap@Nan@@@v8@@@Z 100049a0 f i device.obj
 0001:000039d0       ??_EObjectWrap@Nan@@UAEPAXI@Z 100049d0 f i * CIL library *:* CIL module *
 0001:000039d0       ??_GObjectWrap@Nan@@UAEPAXI@Z 100049d0 f i device.obj
 0001:00003a50       ?ref@Device@@QAEXXZ        10004a50 f i device.obj
 0001:00003a80       ??0Device@@IAE@PAUlibusb_device@@@Z 10004a80 f   device.obj
 0001:00003b40       ??_GDevice@@UAEPAXI@Z      10004b40 f i device.obj
 0001:00003b40       ??_EDevice@@UAEPAXI@Z      10004b40 f i * CIL library *:* CIL module *
 0001:00003b60       ??1Device@@UAE@XZ          10004b60 f   device.obj
 0001:00003c10       ?DeviceWeakCallback@@YAXABV?$WeakCallbackInfo@Ulibusb_device@@@Nan@@@Z 10004c10 f   device.obj
 0001:00003c50       ?get@Device@@SA?AV?$Local@VObject@v8@@@v8@@PAUlibusb_device@@@Z 10004c50 f   device.obj
 0001:000044e0       ?Device_GetConfigDescriptor@@YAXABV?$FunctionCallbackInfo@VValue@v8@@@Nan@@@Z 100054e0 f   device.obj
 0001:00005430       ?Device_Open@@YAXABV?$FunctionCallbackInfo@VValue@v8@@@Nan@@@Z 10006430 f   device.obj
 0001:00005540       ?Device_Close@@YAXABV?$FunctionCallbackInfo@VValue@v8@@@Nan@@@Z 10006540 f   device.obj
 0001:00005630       ?submit@Req@@QAEXPAUDevice@@V?$Local@VFunction@v8@@@v8@@P6AXPAUuv_work_s@@@Z3@Z 10006630 f i device.obj
 0001:000056c0       ?default_after@Req@@SAXPAUuv_work_s@@@Z 100066c0 f i device.obj
 0001:00005850       ??1TryCatch@Nan@@QAE@XZ    10006850 f i device.obj
 0001:00005860       ?begin@Device_Reset@@SAXABV?$FunctionCallbackInfo@VValue@v8@@@Nan@@@Z 10006860 f i device.obj
 0001:000059a0       ?backend@Device_Reset@@SAXPAUuv_work_s@@@Z 100069a0 f i device.obj
 0001:000059f0       ?IsKernelDriverActive@@YAXABV?$FunctionCallbackInfo@VValue@v8@@@Nan@@@Z 100069f0 f   device.obj
 0001:00005b60       ?DetachKernelDriver@@YAXABV?$FunctionCallbackInfo@VValue@v8@@@Nan@@@Z 10006b60 f   device.obj
 0001:00005cd0       ?AttachKernelDriver@@YAXABV?$FunctionCallbackInfo@VValue@v8@@@Nan@@@Z 10006cd0 f   device.obj
 0001:00005e40       ?Device_ClaimInterface@@YAXABV?$FunctionCallbackInfo@VValue@v8@@@Nan@@@Z 10006e40 f   device.obj
 0001:00005fb0       ?begin@Device_ReleaseInterface@@SAXABV?$FunctionCallbackInfo@VValue@v8@@@Nan@@@Z 10006fb0 f i device.obj
 0001:00006160       ?backend@Device_ReleaseInterface@@SAXPAUuv_work_s@@@Z 10007160 f i device.obj
 0001:00006180       ?begin@Device_SetInterface@@SAXABV?$FunctionCallbackInfo@VValue@v8@@@Nan@@@Z 10007180 f i device.obj
 0001:00006390       ?backend@Device_SetInterface@@SAXPAUuv_work_s@@@Z 10007390 f i device.obj
 0001:000063b0       ?begin@Device_SetConfiguration@@SAXABV?$FunctionCallbackInfo@VValue@v8@@@Nan@@@Z 100073b0 f i device.obj
 0001:00006560       ?backend@Device_SetConfiguration@@SAXPAUuv_work_s@@@Z 10007560 f i device.obj
 0001:000065a0       ?Init@Device@@SAXV?$Local@VObject@v8@@@v8@@@Z 100075a0 f   device.obj
 0001:00006780       ?erase@?$_Tree@V?$_Tmap_traits@PAUlibusb_device@@V?$Persistent@VObject@v8@@V?$NonCopyablePersistentTraits@VObject@v8@@@2@@Nan@@U?$less@PAUlibusb_device@@@std@@V?$allocator@U?$pair@QAUlibusb_device@@V?$Persistent@VObject@v8@@V?$NonCopyablePersistentTraits@VObject@v8@@@2@@Nan@@@std@@@5@$0A@@std@@@std@@QAE?AV?$_Tree_iterator@V?$_Tree_val@U?$_Tree_simple_types@U?$pair@QAUlibusb_device@@V?$Persistent@VObject@v8@@V?$NonCopyablePersistentTraits@VObject@v8@@@2@@Nan@@@std@@@std@@@std@@@2@V?$_Tree_const_iterator@V?$_Tree_val@U?$_Tree_simple_types@U?$pair@QAUlibusb_device@@V?$Persistent@VObject@v8@@V?$NonCopyablePersistentTraits@VObject@v8@@@2@@Nan@@@std@@@std@@@std@@@2@0@Z 10007780 f i device.obj
 0001:00006820       ?clear@?$_Tree@V?$_Tmap_traits@PAUlibusb_device@@V?$Persistent@VObject@v8@@V?$NonCopyablePersistentTraits@VObject@v8@@@2@@Nan@@U?$less@PAUlibusb_device@@@std@@V?$allocator@U?$pair@QAUlibusb_device@@V?$Persistent@VObject@v8@@V?$NonCopyablePersistentTraits@VObject@v8@@@2@@Nan@@@std@@@5@$0A@@std@@@std@@QAEXXZ 10007820 f i device.obj
 0001:000068c0       ?erase@?$_Tree@V?$_Tmap_traits@PAUlibusb_device@@V?$Persistent@VObject@v8@@V?$NonCopyablePersistentTraits@VObject@v8@@@2@@Nan@@U?$less@PAUlibusb_device@@@std@@V?$allocator@U?$pair@QAUlibusb_device@@V?$Persistent@VObject@v8@@V?$NonCopyablePersistentTraits@VObject@v8@@@2@@Nan@@@std@@@5@$0A@@std@@@std@@QAE?AV?$_Tree_iterator@V?$_Tree_val@U?$_Tree_simple_types@U?$pair@QAUlibusb_device@@V?$Persistent@VObject@v8@@V?$NonCopyablePersistentTraits@VObject@v8@@@2@@Nan@@@std@@@std@@@std@@@2@V?$_Tree_const_iterator@V?$_Tree_val@U?$_Tree_simple_types@U?$pair@QAUlibusb_device@@V?$Persistent@VObject@v8@@V?$NonCopyablePersistentTraits@VObject@v8@@@2@@Nan@@@std@@@std@@@std@@@2@@Z 100078c0 f i device.obj
 0001:00006ba0       ?_Rrotate@?$_Tree@V?$_Tmap_traits@PAUlibusb_device@@V?$Persistent@VObject@v8@@V?$NonCopyablePersistentTraits@VObject@v8@@@2@@Nan@@U?$less@PAUlibusb_device@@@std@@V?$allocator@U?$pair@QAUlibusb_device@@V?$Persistent@VObject@v8@@V?$NonCopyablePersistentTraits@VObject@v8@@@2@@Nan@@@std@@@5@$0A@@std@@@std@@IAEXPAU?$_Tree_node@U?$pair@QAUlibusb_device@@V?$Persistent@VObject@v8@@V?$NonCopyablePersistentTraits@VObject@v8@@@2@@Nan@@@std@@PAX@2@@Z 10007ba0 f i device.obj
 0001:00006c00       ?_Lrotate@?$_Tree@V?$_Tmap_traits@PAUlibusb_device@@V?$Persistent@VObject@v8@@V?$NonCopyablePersistentTraits@VObject@v8@@@2@@Nan@@U?$less@PAUlibusb_device@@@std@@V?$allocator@U?$pair@QAUlibusb_device@@V?$Persistent@VObject@v8@@V?$NonCopyablePersistentTraits@VObject@v8@@@2@@Nan@@@std@@@5@$0A@@std@@@std@@IAEXPAU?$_Tree_node@U?$pair@QAUlibusb_device@@V?$Persistent@VObject@v8@@V?$NonCopyablePersistentTraits@VObject@v8@@@2@@Nan@@@std@@PAX@2@@Z 10007c00 f i device.obj
 0001:00006c50       ?_Erase@?$_Tree@V?$_Tmap_traits@PAUlibusb_device@@V?$Persistent@VObject@v8@@V?$NonCopyablePersistentTraits@VObject@v8@@@2@@Nan@@U?$less@PAUlibusb_device@@@std@@V?$allocator@U?$pair@QAUlibusb_device@@V?$Persistent@VObject@v8@@V?$NonCopyablePersistentTraits@VObject@v8@@@2@@Nan@@@std@@@5@$0A@@std@@@std@@IAEXPAU?$_Tree_node@U?$pair@QAUlibusb_device@@V?$Persistent@VObject@v8@@V?$NonCopyablePersistentTraits@VObject@v8@@@2@@Nan@@@std@@PAX@2@@Z 10007c50 f i device.obj
 0001:00006cc0       ??$New@VUint32@v8@@I@Nan@@YA?AV?$Local@VUint32@v8@@@v8@@I@Z 10007cc0 f i device.obj
 0001:00006d20       ??$_Eqrange@PAUlibusb_device@@@?$_Tree@V?$_Tmap_traits@PAUlibusb_device@@V?$Persistent@VObject@v8@@V?$NonCopyablePersistentTraits@VObject@v8@@@2@@Nan@@U?$less@PAUlibusb_device@@@std@@V?$allocator@U?$pair@QAUlibusb_device@@V?$Persistent@VObject@v8@@V?$NonCopyablePersistentTraits@VObject@v8@@@2@@Nan@@@std@@@5@$0A@@std@@@std@@IBE?AU?$pair@V?$_Tree_const_iterator@V?$_Tree_val@U?$_Tree_simple_types@U?$pair@QAUlibusb_device@@V?$Persistent@VObject@v8@@V?$NonCopyablePersistentTraits@VObject@v8@@@2@@Nan@@@std@@@std@@@std@@@std@@V12@@1@ABQAUlibusb_device@@@Z 10007d20 f i device.obj
 0001:00006da0       ??$invokeparameter@$00@?$WeakCallbackInfo@Ulibusb_device@@@Nan@@CAXABV?$WeakCallbackInfo@V?$WeakCallbackInfo@Ulibusb_device@@@Nan@@@v8@@@Z 10007da0 f i device.obj
 0001:00006e10       ??0?$_Wrap_alloc@V?$allocator@U?$_Tree_node@U?$pair@QAUlibusb_device@@V?$Persistent@VObject@v8@@V?$NonCopyablePersistentTraits@VObject@v8@@@2@@Nan@@@std@@PAX@std@@@std@@@std@@QAE@XZ 10007e10 f i device.obj
 0001:00006e20       ??$_Buynode@U?$pair@PAUlibusb_device@@V?$Local@VObject@v8@@@v8@@@std@@@?$_Tree_comp_alloc@V?$_Tmap_traits@PAUlibusb_device@@V?$Persistent@VObject@v8@@V?$NonCopyablePersistentTraits@VObject@v8@@@2@@Nan@@U?$less@PAUlibusb_device@@@std@@V?$allocator@U?$pair@QAUlibusb_device@@V?$Persistent@VObject@v8@@V?$NonCopyablePersistentTraits@VObject@v8@@@2@@Nan@@@std@@@5@$0A@@std@@@std@@QAEPAU?$_Tree_node@U?$pair@QAUlibusb_device@@V?$Persistent@VObject@v8@@V?$NonCopyablePersistentTraits@VObject@v8@@@2@@Nan@@@std@@PAX@1@$$QAU?$pair@PAUlibusb_device@@V?$Local@VObject@v8@@@v8@@@1@@Z 10007e20 f i device.obj
 0001:00006ed0       ??$_Insert_nohint@AAU?$pair@QAUlibusb_device@@V?$Persistent@VObject@v8@@V?$NonCopyablePersistentTraits@VObject@v8@@@2@@Nan@@@std@@PAU?$_Tree_node@U?$pair@QAUlibusb_device@@V?$Persistent@VObject@v8@@V?$NonCopyablePersistentTraits@VObject@v8@@@2@@Nan@@@std@@PAX@2@@?$_Tree@V?$_Tmap_traits@PAUlibusb_device@@V?$Persistent@VObject@v8@@V?$NonCopyablePersistentTraits@VObject@v8@@@2@@Nan@@U?$less@PAUlibusb_device@@@std@@V?$allocator@U?$pair@QAUlibusb_device@@V?$Persistent@VObject@v8@@V?$NonCopyablePersistentTraits@VObject@v8@@@2@@Nan@@@std@@@5@$0A@@std@@@std@@IAE?AU?$pair@V?$_Tree_iterator@V?$_Tree_val@U?$_Tree_simple_types@U?$pair@QAUlibusb_device@@V?$Persistent@VObject@v8@@V?$NonCopyablePersistentTraits@VObject@v8@@@2@@Nan@@@std@@@std@@@std@@@std@@_N@1@_NAAU?$pair@QAUlibusb_device@@V?$Persistent@VObject@v8@@V?$NonCopyablePersistentTraits@VObject@v8@@@2@@Nan@@@1@PAU?$_Tree_node@U?$pair@QAUlibusb_device@@V?$Persistent@VObject@v8@@V?$NonCopyablePersistentTraits@VObject@v8@@@2@@Nan@@@std@@PAX@1@@Z 10007ed0 f i device.obj
 0001:00006fc0       ??$invokeparameter@$0A@@?$WeakCallbackInfo@Ulibusb_device@@@Nan@@CAXABV?$WeakCallbackInfo@V?$WeakCallbackInfo@Ulibusb_device@@@Nan@@@v8@@@Z 10007fc0 f i device.obj
 0001:00007010       ??F?$_Tree_unchecked_const_iterator@V?$_Tree_val@U?$_Tree_simple_types@U?$pair@QAUlibusb_device@@V?$Persistent@VObject@v8@@V?$NonCopyablePersistentTraits@VObject@v8@@@2@@Nan@@@std@@@std@@@std@@U_Iterator_base0@2@@std@@QAEAAV01@XZ 10008010 f i device.obj
 0001:00007070       ??$_Insert_at@AAU?$pair@QAUlibusb_device@@V?$Persistent@VObject@v8@@V?$NonCopyablePersistentTraits@VObject@v8@@@2@@Nan@@@std@@PAU?$_Tree_node@U?$pair@QAUlibusb_device@@V?$Persistent@VObject@v8@@V?$NonCopyablePersistentTraits@VObject@v8@@@2@@Nan@@@std@@PAX@2@@?$_Tree@V?$_Tmap_traits@PAUlibusb_device@@V?$Persistent@VObject@v8@@V?$NonCopyablePersistentTraits@VObject@v8@@@2@@Nan@@U?$less@PAUlibusb_device@@@std@@V?$allocator@U?$pair@QAUlibusb_device@@V?$Persistent@VObject@v8@@V?$NonCopyablePersistentTraits@VObject@v8@@@2@@Nan@@@std@@@5@$0A@@std@@@std@@IAE?AV?$_Tree_iterator@V?$_Tree_val@U?$_Tree_simple_types@U?$pair@QAUlibusb_device@@V?$Persistent@VObject@v8@@V?$NonCopyablePersistentTraits@VObject@v8@@@2@@Nan@@@std@@@std@@@std@@@1@_NPAU?$_Tree_node@U?$pair@QAUlibusb_device@@V?$Persistent@VObject@v8@@V?$NonCopyablePersistentTraits@VObject@v8@@@2@@Nan@@@std@@PAX@1@AAU?$pair@QAUlibusb_device@@V?$Persistent@VObject@v8@@V?$NonCopyablePersistentTraits@VObject@v8@@@2@@Nan@@@1@1@Z 10008070 f i device.obj
 0001:000072a0       ??0Transfer@@QAE@XZ        100082a0 f   transfer.obj
 0001:00007380       ??_GTransfer@@UAEPAXI@Z    10008380 f i transfer.obj
 0001:00007380       ??_ETransfer@@UAEPAXI@Z    10008380 f i * CIL library *:* CIL module *
 0001:000073a0       ??1Transfer@@UAE@XZ        100083a0 f   transfer.obj
 0001:00007490       ?Transfer_constructor@@YAXABV?$FunctionCallbackInfo@VValue@v8@@@Nan@@@Z 10008490 f   transfer.obj
 0001:000077a0       ?Transfer_Submit@@YAXABV?$FunctionCallbackInfo@VValue@v8@@@Nan@@@Z 100087a0 f   transfer.obj
 0001:00007990       _usbCompletionCb@4         10008990 f   transfer.obj
 0001:000079e0       ?handleCompletion@@YAXPAUTransfer@@@Z 100089e0 f   transfer.obj
 0001:00007c10       ?Transfer_Cancel@@YAXABV?$FunctionCallbackInfo@VValue@v8@@@Nan@@@Z 10008c10 f   transfer.obj
 0001:00007d20       ?Init@Transfer@@SAXV?$Local@VObject@v8@@@v8@@@Z 10008d20 f   transfer.obj
 0001:00007e10       ??0?$UVQueue@PAUTransfer@@@@QAE@P6AXPAUTransfer@@@ZH@Z 10008e10 f i transfer.obj
 0001:00007ee0       ?internal_callback@?$UVQueue@PAUTransfer@@@@CAXPAUuv_async_s@@@Z 10008ee0 f i transfer.obj
 0001:00007f70       ?push_back@?$deque@PAUTransfer@@V?$allocator@PAUTransfer@@@std@@@std@@QAEXABQAUTransfer@@@Z 10008f70 f i transfer.obj
 0001:00008000       ?_Growmap@?$deque@PAUTransfer@@V?$allocator@PAUTransfer@@@std@@@std@@IAEXI@Z 10009000 f i transfer.obj
 0001:00008180       ___local_stdio_printf_options 10009180 f i libusb:core.obj
 0001:00008190       __snprintf                 10009190 f i libusb:core.obj
 0001:000081d0       _discovered_devs_append    100091d0 f   libusb:core.obj
 0001:000082d0       _usbi_alloc_device         100092d0 f   libusb:core.obj
 0001:00008340       _usbi_connect_device       10009340 f   libusb:core.obj
 0001:00008410       _usbi_disconnect_device    10009410 f   libusb:core.obj
 0001:00008520       _usbi_sanitize_device      10009520 f   libusb:core.obj
 0001:00008580       _usbi_get_device_by_session_id 10009580 f   libusb:core.obj
 0001:00008660       _libusb_get_device_list@8  10009660 f   libusb:core.obj
 0001:00008830       _libusb_get_port_numbers@12 10009830 f   libusb:core.obj
 0001:000088a0       _libusb_ref_device@4       100098a0 f   libusb:core.obj
 0001:000088f0       _libusb_unref_device@4     100098f0 f   libusb:core.obj
 0001:000089c0       _usbi_fd_notification      100099c0 f   libusb:core.obj
 0001:00008b60       _libusb_open@8             10009b60 f   libusb:core.obj
 0001:00008f20       _libusb_close@4            10009f20 f   libusb:core.obj
 0001:000090f0       _libusb_claim_interface@8  1000a0f0 f   libusb:core.obj
 0001:00009190       _libusb_release_interface@8 1000a190 f   libusb:core.obj
 0001:00009230       _libusb_set_interface_alt_setting@12 1000a230 f   libusb:core.obj
 0001:000092f0       _libusb_kernel_driver_active@8 1000a2f0 f   libusb:core.obj
 0001:00009340       _libusb_detach_kernel_driver@8 1000a340 f   libusb:core.obj
 0001:00009390       _libusb_attach_kernel_driver@8 1000a390 f   libusb:core.obj
 0001:000093e0       _libusb_init@4             1000a3e0 f   libusb:core.obj
 0001:000097e0       _usbi_gettimeofday         1000a7e0 f   libusb:core.obj
 0001:00009840       _usbi_log_v                1000a840 f   libusb:core.obj
 0001:00009a80       _usbi_log                  1000aa80 f   libusb:core.obj
 0001:00009aa0       _libusb_error_name@4       1000aaa0 f   libusb:core.obj
 0001:00009c00       _usbi_hotplug_match        1000ac00 f   libusb:hotplug.obj
 0001:00009d90       _libusb_hotplug_register_callback@36 1000ad90 f   libusb:hotplug.obj
 0001:00009e40       _libusb_hotplug_deregister_callback@8 1000ae40 f   libusb:hotplug.obj
 0001:00009f10       _usbi_io_init              1000af10 f   libusb:io.obj
 0001:0000a370       _libusb_free_transfer@4    1000b370 f   libusb:io.obj
 0001:0000a3d0       _libusb_submit_transfer@4  1000b3d0 f   libusb:io.obj
 0001:0000a560       _libusb_cancel_transfer@4  1000b560 f   libusb:io.obj
 0001:0000a640       _usbi_handle_transfer_completion 1000b640 f   libusb:io.obj
 0001:0000a750       _libusb_try_lock_events@4  1000b750 f   libusb:io.obj
 0001:0000a830       _libusb_unlock_events@4    1000b830 f   libusb:io.obj
 0001:0000a8d0       _libusb_event_handler_active@4 1000b8d0 f   libusb:io.obj
 0001:0000a960       _libusb_wait_for_event@8   1000b960 f   libusb:io.obj
 0001:0000af40       _libusb_handle_events_timeout_completed@12 1000bf40 f   libusb:io.obj
 0001:0000b120       _libusb_get_next_timeout@8 1000c120 f   libusb:io.obj
 0001:0000b310       _usbi_add_pollfd           1000c310 f   libusb:io.obj
 0001:0000b3e0       _usbi_remove_pollfd        1000c3e0 f   libusb:io.obj
 0001:0000b510       _usbi_parse_descriptor     1000c510 f   libusb:descriptor.obj
 0001:0000bfd0       _usbi_device_cache_descriptor 1000cfd0 f   libusb:descriptor.obj
 0001:0000c070       _libusb_get_active_config_descriptor@8 1000d070 f   libusb:descriptor.obj
 0001:0000c180       _libusb_get_config_descriptor@12 1000d180 f   libusb:descriptor.obj
 0001:0000c2d0       _usbi_mutex_init           1000d2d0 f   libusb:threads_windows.obj
 0001:0000c310       _usbi_mutex_destroy        1000d310 f   libusb:threads_windows.obj
 0001:0000c340       _usbi_mutex_lock           1000d340 f   libusb:threads_windows.obj
 0001:0000c370       _usbi_mutex_unlock         1000d370 f   libusb:threads_windows.obj
 0001:0000c3b0       _usbi_mutex_static_lock    1000d3b0 f   libusb:threads_windows.obj
 0001:0000c400       _usbi_mutex_static_unlock  1000d400 f   libusb:threads_windows.obj
 0001:0000c420       _usbi_cond_destroy         1000d420 f   libusb:threads_windows.obj
 0001:0000c4a0       _usbi_cond_broadcast       1000d4a0 f   libusb:threads_windows.obj
 0001:0000c6a0       _usbi_cond_timedwait       1000d6a0 f   libusb:threads_windows.obj
 0001:0000c840       _init_polling              1000d840 f   libusb:poll_windows.obj
 0001:0000c9a0       _exit_polling              1000d9a0 f   libusb:poll_windows.obj
 0001:0000caf0       _usbi_pipe                 1000daf0 f   libusb:poll_windows.obj
 0001:0000cc00       _usbi_create_fd            1000dc00 f   libusb:poll_windows.obj
 0001:0000cf40       _usbi_free_fd              1000df40 f   libusb:poll_windows.obj
 0001:0000cfa0       _handle_to_winfd           1000dfa0 f   libusb:poll_windows.obj
 0001:0000d160       _usbi_poll                 1000e160 f   libusb:poll_windows.obj
 0001:0000d460       _usbi_close                1000e460 f   libusb:poll_windows.obj
 0001:0000d500       _usbi_write                1000e500 f   libusb:poll_windows.obj
 0001:0000d610       _usbi_read                 1000e610 f   libusb:poll_windows.obj
 0001:0000d780       ___local_stdio_scanf_options 1000e780 f i libusb:windows_usb.obj
 0001:0000d790       _sprintf                   1000e790 f i libusb:windows_usb.obj
 0001:0000d7d0       _sscanf                    1000e7d0 f i libusb:windows_usb.obj
 0001:0000fd00       _message_callback_handle_device_change@16 10010d00 f   libusb:windows_usb.obj
 0001:00010100       _messaging_callback@16     10011100 f   libusb:windows_usb.obj
 0001:00010130       _windows_hotplug_threaded@4 10011130 f   libusb:windows_usb.obj
 0001:00010340       _windows_scan_devices      10011340 f   libusb:windows_usb.obj
 0001:00012dd0       _windows_clock_gettime_threaded@4 10013dd0 f   libusb:windows_usb.obj
 0001:00016e60       _libusb_control_transfer@32 10017e60 f   libusb:sync.obj
 0001:00017050       ??0bad_alloc@std@@QAE@ABV01@@Z 10018050 f i libcpmt:xthrow.obj
 0001:0001706b       ??0bad_alloc@std@@QAE@XZ   1001806b f i libcpmt:xthrow.obj
 0001:00017083       ??0exception@std@@QAE@ABV01@@Z 10018083 f i libcpmt:xthrow.obj
 0001:000170af       ??0exception@std@@QAE@QBD@Z 100180af f i libcpmt:xthrow.obj
 0001:000170e6       ??0length_error@std@@QAE@ABV01@@Z 100180e6 f i libcpmt:xthrow.obj
 0001:00017101       ??0length_error@std@@QAE@PBD@Z 10018101 f i libcpmt:xthrow.obj
 0001:00017122       ??0logic_error@std@@QAE@ABV01@@Z 10018122 f i libcpmt:xthrow.obj
 0001:0001713d       ??_Elength_error@std@@UAEPAXI@Z 1001813d f i libcpmt:xthrow.obj
 0001:0001713d       ??_Gbad_alloc@std@@UAEPAXI@Z 1001813d f i libcpmt:xthrow.obj
 0001:0001713d       ??_Gbad_exception@std@@UAEPAXI@Z 1001813d f i libvcruntime:frame.obj
 0001:0001713d       ??_Glogic_error@std@@UAEPAXI@Z 1001813d f i libcpmt:xthrow.obj
 0001:0001713d       ??_Gexception@std@@UAEPAXI@Z 1001813d f i libcpmt:xthrow.obj
 0001:0001713d       ??_Gbad_array_new_length@std@@UAEPAXI@Z 1001813d f i LIBCMT:throw_bad_alloc.obj
 0001:0001713d       ??_Elogic_error@std@@UAEPAXI@Z 1001813d f i libcpmt:xthrow.obj
 0001:0001713d       ??_Eexception@std@@UAEPAXI@Z 1001813d f i libcpmt:xthrow.obj
 0001:0001713d       ??_Ebad_alloc@std@@UAEPAXI@Z 1001813d f i libcpmt:xthrow.obj
 0001:0001713d       ??_Ebad_array_new_length@std@@UAEPAXI@Z 1001813d f i LIBCMT:throw_bad_alloc.obj
 0001:0001713d       ??_Glength_error@std@@UAEPAXI@Z 1001813d f i libcpmt:xthrow.obj
 0001:0001713d       ??_Ebad_exception@std@@UAEPAXI@Z 1001813d f i libvcruntime:frame.obj
 0001:0001716a       ?_Xbad_alloc@std@@YAXXZ    1001816a f   libcpmt:xthrow.obj
 0001:0001716a       ?__scrt_throw_std_bad_alloc@@YAXXZ 1001816a f   LIBCMT:throw_bad_alloc.obj
 0001:00017187       ?_Xlength_error@std@@YAXPBD@Z 10018187 f   libcpmt:xthrow.obj
 0001:000171a7       ?what@exception@std@@UBEPBDXZ 100181a7 f i libcpmt:xthrow.obj
 0001:000171b4       @__security_check_cookie@4 100181b4 f   LIBCMT:_secchk_.obj
 0001:000171c5       ??2@YAPAXI@Z               100181c5 f   LIBCMT:new_scalar.obj
 0001:000171f8       ??$__crt_fast_encode_pointer@PAX@@YAPAXQAX@Z 100181f8 f i libvcruntime:winapi_downlevel.obj
 0001:000171f8       ??$__crt_fast_encode_pointer@PAP6AXXZ@@YAPAP6AXXZQAP6AXXZ@Z 100181f8 f i LIBCMT:utility.obj
 0001:00017259       ___scrt_acquire_startup_lock 10018259 f   LIBCMT:utility.obj
 0001:0001728e       ___scrt_dllmain_after_initialize_c 1001828e f   LIBCMT:utility.obj
 0001:000172b9       ___scrt_dllmain_before_initialize_c 100182b9 f   LIBCMT:utility.obj
 0001:000172c7       ___scrt_dllmain_crt_thread_attach 100182c7 f   LIBCMT:utility.obj
 0001:000172e6       ___scrt_dllmain_crt_thread_detach 100182e6 f   LIBCMT:utility.obj
 0001:000172f3       ___scrt_dllmain_exception_filter 100182f3 f   LIBCMT:utility.obj
 0001:00017326       ___scrt_dllmain_uninitialize_c 10018326 f   LIBCMT:utility.obj
 0001:00017349       ___scrt_dllmain_uninitialize_critical 10018349 f   LIBCMT:utility.obj
 0001:00017356       ___scrt_initialize_crt     10018356 f   LIBCMT:utility.obj
 0001:0001738f       ___scrt_initialize_onexit_tables 1001838f f   LIBCMT:utility.obj
 0001:00017426       ___scrt_is_nonwritable_in_current_image 10018426 f   LIBCMT:utility.obj
 0001:000174b0       ___scrt_release_startup_lock 100184b0 f   LIBCMT:utility.obj
 0001:000174cd       ___scrt_uninitialize_crt   100184cd f   LIBCMT:utility.obj
 0001:000174f5       __onexit                   100184f5 f   LIBCMT:utility.obj
 0001:00017530       _atexit                    10018530 f   LIBCMT:utility.obj
 0001:00017545       ??3@YAXPAX@Z               10018545 f   LIBCMT:delete_scalar.obj
 0001:0001754a       ??3@YAXPAXI@Z              1001854a f   LIBCMT:delete_scalar_size.obj
 0001:00017860       __DllMainCRTStartup@12     10018860 f   LIBCMT:dll_dllmain.obj
 0001:00017883       ___raise_securityfailure   10018883 f   LIBCMT:gs_report.obj
 0001:000178ab       ___report_gsfailure        100188ab f   LIBCMT:gs_report.obj
 0001:000179a6       ___report_rangecheckfailure 100189a6 f   LIBCMT:gs_report.obj
 0001:000179b2       ___report_securityfailure  100189b2 f   LIBCMT:gs_report.obj
 0001:00017a82       ??_Gtype_info@@UAEPAXI@Z   10018a82 f i LIBCMT:std_type_info_static.obj
 0001:00017a82       ??_Etype_info@@UAEPAXI@Z   10018a82 f i LIBCMT:std_type_info_static.obj
 0001:00017aa5       ??0bad_array_new_length@std@@QAE@ABV01@@Z 10018aa5 f i LIBCMT:throw_bad_alloc.obj
 0001:00017ac0       ??0bad_array_new_length@std@@QAE@XZ 10018ac0 f i LIBCMT:throw_bad_alloc.obj
 0001:00017ad8       ??1bad_alloc@std@@UAE@XZ   10018ad8 f i libcpmt:xthrow.obj
 0001:00017ad8       ??1bad_array_new_length@std@@UAE@XZ 10018ad8 f i LIBCMT:throw_bad_alloc.obj
 0001:00017ad8       ??1bad_exception@std@@UAE@XZ 10018ad8 f i libvcruntime:frame.obj
 0001:00017ad8       ??1length_error@std@@UAE@XZ 10018ad8 f i libcpmt:xthrow.obj
 0001:00017ae9       ?__scrt_throw_std_bad_array_new_length@@YAXXZ 10018ae9 f   LIBCMT:throw_bad_alloc.obj
 0001:00017b06       ___isa_available_init      10018b06 f   LIBCMT:_cpu_disp_.obj
 0001:00017ca0       __get_startup_argv_mode    10018ca0 f   LIBCMT:argv_mode.obj
 0001:00017ca4       ___scrt_is_ucrt_dll_in_use 10018ca4 f   LIBCMT:ucrt_detection.obj
 0001:00017cb0       ___scrt_fastfail           10018cb0 f   LIBCMT:utility_desktop.obj
 0001:00017dcb       __crt_debugger_hook        10018dcb f   LIBCMT:utility_desktop.obj
 0001:00017dd3       @_guard_check_icall@4      10018dd3 f i LIBCMT:checkcfg.obj
 0001:00017de0       __SEH_prolog4              10018de0 f   LIBCMT:_sehprolg4_.obj
 0001:00017e26       __SEH_epilog4              10018e26 f   LIBCMT:_sehprolg4_.obj
 0001:00017e3b       ___security_init_cookie    10018e3b f   LIBCMT:gs_support.obj
 0001:00017ed7       _DllMain@12                10018ed7 f   LIBCMT:dll_dllmain_stub.obj
 0001:00017edd       ?__scrt_initialize_type_info@@YAXXZ 10018edd f   LIBCMT:tncleanup.obj
 0001:00017ee9       ?__scrt_uninitialize_type_info@@YAXXZ 10018ee9 f   LIBCMT:tncleanup.obj
 0001:00017ef5       ___scrt_initialize_default_local_stdio_options 10018ef5 f   LIBCMT:default_local_stdio_options.obj
 0001:00017f12       ___scrt_get_dyn_tls_init_callback 10018f12 f   LIBCMT:dyn_tls_init.obj
 0001:00017f18       __RTC_Initialize           10018f18 f   LIBCMT:_initsect_.obj
 0001:00017f43       __RTC_Terminate            10018f43 f   LIBCMT:_initsect_.obj
 0001:00017f70       _memmove                   10018f70 f   libvcruntime:memmove.obj
 0001:000184e4       ___DestructExceptionObject 100194e4 f   libvcruntime:frame.obj
 0001:00018578       ??0bad_exception@std@@QAE@ABV01@@Z 10019578 f i libvcruntime:frame.obj
 0001:00018593       ??0bad_exception@std@@QAE@XZ 10019593 f i libvcruntime:frame.obj
 0001:00018dc4       ?_CallMemberFunction2@@YGXQAX00H@Z 10019dc4 f i libvcruntime:frame.obj
 0001:00018dc4       ?_CallMemberFunction0@@YGXQAX0@Z 10019dc4 f i libvcruntime:frame.obj
 0001:00018dc4       ?_CallMemberFunction1@@YGXQAX00@Z 10019dc4 f i libvcruntime:frame.obj
 0001:00018dcb       ___AdjustPointer           10019dcb f   libvcruntime:frame.obj
 0001:00018df0       ___BuildCatchObject        10019df0 f   libvcruntime:frame.obj
 0001:00018e7f       ___BuildCatchObjectHelper  10019e7f f   libvcruntime:frame.obj
 0001:00018fad       ___FrameUnwindFilter       10019fad f   libvcruntime:frame.obj
 0001:00018ff2       ___FrameUnwindToState      10019ff2 f   libvcruntime:frame.obj
 0001:000190ba       ___InternalCxxFrameHandler 1001a0ba f   libvcruntime:frame.obj
 0001:000191b6       ___TypeMatch               1001a1b6 f   libvcruntime:frame.obj
 0001:00019244       ___std_terminate           1001a244 f   libvcruntime:frame.obj
 0001:00019250       _strchr                    1001a250 f   libvcruntime:strchr.obj
 0001:000192be       ___from_strstr_to_strchr   1001a2be     libvcruntime:strchr.obj
 0001:0001937b       ___std_exception_copy      1001a37b f   libvcruntime:std_exception.obj
 0001:000193de       ___std_exception_destroy   1001a3de f   libvcruntime:std_exception.obj
 0001:000193fd       __CxxThrowException@8      1001a3fd f   libvcruntime:throw.obj
 0001:0001946b       ___vcrt_initialize         1001a46b f   libvcruntime:initialization.obj
 0001:00019494       ___vcrt_thread_attach      1001a494 f   libvcruntime:initialization.obj
 0001:0001949f       ___vcrt_thread_detach      1001a49f f   libvcruntime:initialization.obj
 0001:000194aa       ___vcrt_uninitialize       1001a4aa f   libvcruntime:initialization.obj
 0001:000194c9       ___vcrt_uninitialize_critical 1001a4c9 f   libvcruntime:initialization.obj
 0001:00019520       __except_handler4          1001a520 f   libvcruntime:_chandler4_.obj
 0001:00019690       _memset                    1001a690 f   libvcruntime:memset.obj
 0001:000197ea       ___std_type_info_compare   1001a7ea f   libvcruntime:std_type_info.obj
 0001:00019826       ___std_type_info_destroy_list 1001a826 f   libvcruntime:std_type_info.obj
 0001:00019849       _unexpected                1001a849 f   libvcruntime:unexpected.obj
 0001:00019865       ___vcrt_freefls@4          1001a865 f   libvcruntime:per_thread_data.obj
 0001:00019881       ___vcrt_freeptd            1001a881 f   libvcruntime:per_thread_data.obj
 0001:000198b7       ___vcrt_getptd             1001a8b7 f   libvcruntime:per_thread_data.obj
 0001:000198c5       ___vcrt_getptd_noexit      1001a8c5 f   libvcruntime:per_thread_data.obj
 0001:00019957       ___vcrt_initialize_ptd     1001a957 f   libvcruntime:per_thread_data.obj
 0001:0001998a       ___vcrt_uninitialize_ptd   1001a98a f   libvcruntime:per_thread_data.obj
 0001:000199b0       __CallSettingFrame@12      1001a9b0 f   libvcruntime:lowhelpr.obj
 0001:000199d7       __NLG_Return               1001a9d7     libvcruntime:lowhelpr.obj
 0001:000199fc       ?_CallCatchBlock2@@YAPAXPAUEHRegistrationNode@@PBU_s_FuncInfo@@PAXHK@Z 1001a9fc f   libvcruntime:trnsctrl.obj
 0001:00019a5c       ?_CallSETranslator@@YAHPAUEHExceptionRecord@@PAUEHRegistrationNode@@PAX2PBU_s_FuncInfo@@H1@Z 1001aa5c f   libvcruntime:trnsctrl.obj
 0001:00019b39       ?_GetRangeOfTrysToCheck@@YAPBU_s_TryBlockMapEntry@@PBU_s_FuncInfo@@HHPAI1@Z 1001ab39 f   libvcruntime:trnsctrl.obj
 0001:00019bb1       ?_JumpToContinuation@@YGXPAXPAUEHRegistrationNode@@@Z 1001abb1 f   libvcruntime:trnsctrl.obj
 0001:00019be3       ?_UnwindNestedFrames@@YGXPAUEHRegistrationNode@@PAUEHExceptionRecord@@@Z 1001abe3 f   libvcruntime:trnsctrl.obj
 0001:00019c38       __CatchGuardHandler        1001ac38 f   libvcruntime:trnsctrl.obj
 0001:00019c69       __CreateFrameInfo          1001ac69 f   libvcruntime:trnsctrl.obj
 0001:00019c8d       __FindAndUnlinkFrame       1001ac8d f   libvcruntime:trnsctrl.obj
 0001:00019cd7       __IsExceptionObjectToBeDestroyed 1001acd7 f   libvcruntime:trnsctrl.obj
 0001:00019cfd       __TranslatorGuardHandler   1001acfd f   libvcruntime:trnsctrl.obj
 0001:00019d9c       ___CxxFrameHandler3        1001ad9c f   libvcruntime:trnsctrl.obj
 0001:00019dd2       ___vcrt_initialize_locks   1001add2 f   libvcruntime:locks.obj
 0001:00019e0e       ___vcrt_uninitialize_locks 1001ae0e f   libvcruntime:locks.obj
 0001:00019f5e       ___vcrt_FlsAlloc           1001af5e f   libvcruntime:winapi_downlevel.obj
 0001:00019f98       ___vcrt_FlsFree            1001af98 f   libvcruntime:winapi_downlevel.obj
 0001:00019fd2       ___vcrt_FlsGetValue        1001afd2 f   libvcruntime:winapi_downlevel.obj
 0001:0001a00c       ___vcrt_FlsSetValue        1001b00c f   libvcruntime:winapi_downlevel.obj
 0001:0001a049       ___vcrt_InitializeCriticalSectionEx 1001b049 f   libvcruntime:winapi_downlevel.obj
 0001:0001a08f       ___vcrt_initialize_winapi_thunks 1001b08f f   libvcruntime:winapi_downlevel.obj
 0001:0001a0c9       ___vcrt_uninitialize_winapi_thunks 1001b0c9 f   libvcruntime:winapi_downlevel.obj
 0001:0001a0fb       ___vcrt_initialize_pure_virtual_call_handler 1001b0fb f   libvcruntime:purevirt_data.obj
 0001:0001a120       __local_unwind4            1001b120 f   libvcruntime:_exsup4_.obj
 0001:0001a1f6       __seh_longjmp_unwind4@4    1001b1f6 f   libvcruntime:_exsup4_.obj
 0001:0001a21e       @_EH4_CallFilterFunc@8     1001b21e f   libvcruntime:_exsup4_.obj
 0001:0001a235       @_EH4_TransferToHandler@8  1001b235 f   libvcruntime:_exsup4_.obj
 0001:0001a24e       @_EH4_GlobalUnwind2@8      1001b24e f   libvcruntime:_exsup4_.obj
 0001:0001a267       @_EH4_LocalUnwind@16       1001b267 f   libvcruntime:_exsup4_.obj
 0001:0001a280       __global_unwind2           1001b280 f   libvcruntime:_exsup_.obj
 0001:0001a2e5       __local_unwind2            1001b2e5 f   libvcruntime:_exsup_.obj
 0001:0001a369       __abnormal_termination     1001b369 f   libvcruntime:_exsup_.obj
 0001:0001a38c       __NLG_Notify1              1001b38c f   libvcruntime:_exsup_.obj
 0001:0001a395       __NLG_Notify               1001b395 f   libvcruntime:_exsup_.obj
 0001:0001a3ac       __NLG_Dispatch             1001b3ac     libvcruntime:_exsup_.obj
 0001:0001a3ac       __NLG_Dispatch2            1001b3ac     libvcruntime:_exsup_.obj
 0001:0001a3b4       __NLG_Call                 1001b3b4 f   libvcruntime:_exsup_.obj
 0001:0001a3b6       __NLG_Return2              1001b3b6     libvcruntime:_exsup_.obj
 0001:0001a3b7       ___acrt_call_reportfault   1001b3b7 f   libucrt:invalid_parameter.obj
 0001:0001a4f2       ___acrt_initialize_invalid_parameter_handler 1001b4f2 f   libucrt:invalid_parameter.obj
 0001:0001a506       __invalid_parameter        1001b506 f   libucrt:invalid_parameter.obj
 0001:0001a581       __invalid_parameter_noinfo 1001b581 f   libucrt:invalid_parameter.obj
 0001:0001a591       __invalid_parameter_noinfo_noreturn 1001b591 f   libucrt:invalid_parameter.obj
 0001:0001a5ae       __invoke_watson            1001b5ae f   libucrt:invalid_parameter.obj
 0001:0001a5e1       ??0_LocaleUpdate@@QAE@QAU__crt_locale_pointers@@@Z 1001b5e1 f i libucrt:stricmp.obj
 0001:0001a664       ___ascii_stricmp           1001b664 f   libucrt:stricmp.obj
 0001:0001a69f       __stricmp                  1001b69f f   libucrt:stricmp.obj
 0001:0001a6e7       __stricmp_l                1001b6e7 f   libucrt:stricmp.obj
 0001:0001a781       _calloc                    1001b781 f   libucrt:calloc.obj
 0001:0001a78c       ___acrt_initialize_stdio   1001b78c f   libucrt:_file.obj
 0001:0001a854       ___acrt_iob_func           1001b854 f   libucrt:_file.obj
 0001:0001a864       ___acrt_uninitialize_stdio 1001b864 f   libucrt:_file.obj
 0001:0001a8b0       __lock_file                1001b8b0 f   libucrt:_file.obj
 0001:0001a8c4       __unlock_file              1001b8c4 f   libucrt:_file.obj
 0001:0001a8d8       _realloc                   1001b8d8 f   libucrt:realloc.obj
 0001:0001a8e3       ??$?RV<lambda_ab9923ffb5d694ec0d78876dd103e44f>@@AAV<lambda_481dd5778c961fbcd3b60b650e9b9dc4>@@V<lambda_7923d86c9e3f319b415918ec4b39749c>@@@?$__crt_seh_guarded_call@H@@QAEH$$QAV<lambda_ab9923ffb5d694ec0d78876dd103e44f>@@AAV<lambda_481dd5778c961fbcd3b60b650e9b9dc4>@@$$QAV<lambda_7923d86c9e3f319b415918ec4b39749c>@@@Z 1001b8e3 f i libucrt:output.obj
 0001:0001a934       ??$__acrt_lock_stream_and_call@V<lambda_481dd5778c961fbcd3b60b650e9b9dc4>@@@@YAHQAU_iobuf@@$$QAV<lambda_481dd5778c961fbcd3b60b650e9b9dc4>@@@Z 1001b934 f i libucrt:output.obj
 0001:0001ac5d       ??$count@D@formatting_buffer@__crt_stdio_output@@QBEIXZ 1001bc5d f i libucrt:output.obj
 0001:0001ac75       ??$ensure_buffer_is_big_enough@D@formatting_buffer@__crt_stdio_output@@QAE_NI@Z 1001bc75 f i libucrt:output.obj
 0001:0001acfb       ??$is_wide_character_specifier@D@__crt_stdio_output@@YA_N_KDW4length_modifier@0@@Z 1001bcfb f i libucrt:output.obj
 0001:0001ad3b       ??$is_wide_character_specifier@_W@__crt_stdio_output@@YA_N_K_WW4length_modifier@0@@Z 1001bd3b f i libucrt:output.obj
 0001:0001ad8a       ??$scratch_data@D@formatting_buffer@__crt_stdio_output@@QAEPADXZ 1001bd8a f i libucrt:output.obj
 0001:0001ada8       ??$type_case_integer_parse_into_buffer@I@?$output_processor@DV?$string_output_adapter@D@__crt_stdio_output@@V?$standard_base@DV?$string_output_adapter@D@__crt_stdio_output@@@2@@__crt_stdio_output@@AAEXII_N@Z 1001bda8 f i libucrt:output.obj
 0001:0001ada8       ??$type_case_integer_parse_into_buffer@I@?$output_processor@_WV?$stream_output_adapter@_W@__crt_stdio_output@@V?$standard_base@_WV?$stream_output_adapter@_W@__crt_stdio_output@@@2@@__crt_stdio_output@@AAEXII_N@Z 1001bda8 f i libucrt:output.obj
 0001:0001ada8       ??$type_case_integer_parse_into_buffer@I@?$output_processor@_WV?$string_output_adapter@_W@__crt_stdio_output@@V?$standard_base@_WV?$string_output_adapter@_W@__crt_stdio_output@@@2@@__crt_stdio_output@@AAEXII_N@Z 1001bda8 f i libucrt:output.obj
 0001:0001ae1d       ??$type_case_integer_parse_into_buffer@_K@?$output_processor@_WV?$string_output_adapter@_W@__crt_stdio_output@@V?$standard_base@_WV?$string_output_adapter@_W@__crt_stdio_output@@@2@@__crt_stdio_output@@AAEX_KI_N@Z 1001be1d f i libucrt:output.obj
 0001:0001ae1d       ??$type_case_integer_parse_into_buffer@_K@?$output_processor@DV?$string_output_adapter@D@__crt_stdio_output@@V?$standard_base@DV?$string_output_adapter@D@__crt_stdio_output@@@2@@__crt_stdio_output@@AAEX_KI_N@Z 1001be1d f i libucrt:output.obj
 0001:0001ae1d       ??$type_case_integer_parse_into_buffer@_K@?$output_processor@_WV?$stream_output_adapter@_W@__crt_stdio_output@@V?$standard_base@_WV?$stream_output_adapter@_W@__crt_stdio_output@@@2@@__crt_stdio_output@@AAEX_KI_N@Z 1001be1d f i libucrt:output.obj
 0001:0001aea5       ??$write_multiple_characters@V?$stream_output_adapter@_W@__crt_stdio_output@@D@__crt_stdio_output@@YAXABV?$stream_output_adapter@_W@0@DHQAH@Z 1001bea5 f i libucrt:output.obj
 0001:0001aed6       ??$write_multiple_characters@V?$string_output_adapter@D@__crt_stdio_output@@D@__crt_stdio_output@@YAXABV?$string_output_adapter@D@0@DHQAH@Z 1001bed6 f i libucrt:output.obj
 0001:0001af02       ??$write_multiple_characters@V?$string_output_adapter@_W@__crt_stdio_output@@D@__crt_stdio_output@@YAXABV?$string_output_adapter@_W@0@DHQAH@Z 1001bf02 f i libucrt:output.obj
 0001:0001af33       ??0?$common_data@D@__crt_stdio_output@@IAE@XZ 1001bf33 f i libucrt:output.obj
 0001:0001af7a       ??0?$common_data@_W@__crt_stdio_output@@IAE@XZ 1001bf7a f i libucrt:output.obj
 0001:0001afc6       ??0?$output_adapter_data@DV?$string_output_adapter@D@__crt_stdio_output@@@__crt_stdio_output@@IAE@ABV?$string_output_adapter@D@1@_KQBDQAU__crt_locale_pointers@@QAD@Z 1001bfc6 f i libucrt:output.obj
 0001:0001b002       ??0?$output_adapter_data@_WV?$string_output_adapter@_W@__crt_stdio_output@@@__crt_stdio_output@@IAE@ABV?$string_output_adapter@_W@1@_KQB_WQAU__crt_locale_pointers@@QAD@Z 1001c002 f i libucrt:output.obj
 0001:0001b002       ??0?$output_adapter_data@_WV?$stream_output_adapter@_W@__crt_stdio_output@@@__crt_stdio_output@@IAE@ABV?$stream_output_adapter@_W@1@_KQB_WQAU__crt_locale_pointers@@QAD@Z 1001c002 f i libucrt:output.obj
 0001:0001b03e       ??0?$output_processor@DV?$string_output_adapter@D@__crt_stdio_output@@V?$standard_base@DV?$string_output_adapter@D@__crt_stdio_output@@@2@@__crt_stdio_output@@QAE@ABV?$string_output_adapter@D@1@_KQBDQAU__crt_locale_pointers@@QAD@Z 1001c03e f i libucrt:output.obj
 0001:0001b073       ??0?$output_processor@_WV?$string_output_adapter@_W@__crt_stdio_output@@V?$standard_base@_WV?$string_output_adapter@_W@__crt_stdio_output@@@2@@__crt_stdio_output@@QAE@ABV?$string_output_adapter@_W@1@_KQB_WQAU__crt_locale_pointers@@QAD@Z 1001c073 f i libucrt:output.obj
 0001:0001b073       ??0?$output_processor@_WV?$stream_output_adapter@_W@__crt_stdio_output@@V?$standard_base@_WV?$stream_output_adapter@_W@__crt_stdio_output@@@2@@__crt_stdio_output@@QAE@ABV?$stream_output_adapter@_W@1@_KQB_WQAU__crt_locale_pointers@@QAD@Z 1001c073 f i libucrt:output.obj
 0001:0001b0a8       ??1formatting_buffer@__crt_stdio_output@@QAE@XZ 1001c0a8 f i libucrt:output.obj
 0001:0001b0c2       ??4?$__crt_unique_heap_ptr@DU__crt_internal_free_policy@@@@QAEAAV0@$$QAV0@@Z 1001c0c2 f i libucrt:output.obj
 0001:0001b1a3       ?crop_zeroes@__crt_stdio_output@@YAXPADQAU__crt_locale_pointers@@@Z 1001c1a3 f i libucrt:output.obj
 0001:0001b1fa       ?find_next_state@?$output_processor@DV?$string_output_adapter@D@__crt_stdio_output@@V?$standard_base@DV?$string_output_adapter@D@__crt_stdio_output@@@2@@__crt_stdio_output@@ABE?AW4state@2@DW432@@Z 1001c1fa f i libucrt:output.obj
 0001:0001b22c       ?find_next_state@?$output_processor@_WV?$stream_output_adapter@_W@__crt_stdio_output@@V?$standard_base@_WV?$stream_output_adapter@_W@__crt_stdio_output@@@2@@__crt_stdio_output@@ABE?AW4state@2@_WW432@@Z 1001c22c f i libucrt:output.obj
 0001:0001b22c       ?find_next_state@?$output_processor@_WV?$string_output_adapter@_W@__crt_stdio_output@@V?$standard_base@_WV?$string_output_adapter@_W@__crt_stdio_output@@@2@@__crt_stdio_output@@ABE?AW4state@2@_WW432@@Z 1001c22c f i libucrt:output.obj
 0001:0001b260       ?force_decimal_point@__crt_stdio_output@@YAXPADQAU__crt_locale_pointers@@@Z 1001c260 f i libucrt:output.obj
 0001:0001b2bc       ?parse_int_from_format_string@?$output_processor@DV?$string_output_adapter@D@__crt_stdio_output@@V?$standard_base@DV?$string_output_adapter@D@__crt_stdio_output@@@2@@__crt_stdio_output@@AAE_NQAH@Z 1001c2bc f i libucrt:output.obj
 0001:0001b318       ?parse_int_from_format_string@?$output_processor@_WV?$string_output_adapter@_W@__crt_stdio_output@@V?$standard_base@_WV?$string_output_adapter@_W@__crt_stdio_output@@@2@@__crt_stdio_output@@AAE_NQAH@Z 1001c318 f i libucrt:output.obj
 0001:0001b318       ?parse_int_from_format_string@?$output_processor@_WV?$stream_output_adapter@_W@__crt_stdio_output@@V?$standard_base@_WV?$stream_output_adapter@_W@__crt_stdio_output@@@2@@__crt_stdio_output@@AAE_NQAH@Z 1001c318 f i libucrt:output.obj
 0001:0001b376       ?process@?$output_processor@DV?$string_output_adapter@D@__crt_stdio_output@@V?$standard_base@DV?$string_output_adapter@D@__crt_stdio_output@@@2@@__crt_stdio_output@@QAEHXZ 1001c376 f i libucrt:output.obj
 0001:0001b492       ?process@?$output_processor@_WV?$stream_output_adapter@_W@__crt_stdio_output@@V?$standard_base@_WV?$stream_output_adapter@_W@__crt_stdio_output@@@2@@__crt_stdio_output@@QAEHXZ 1001c492 f i libucrt:output.obj
 0001:0001b5b2       ?process@?$output_processor@_WV?$string_output_adapter@_W@__crt_stdio_output@@V?$standard_base@_WV?$string_output_adapter@_W@__crt_stdio_output@@@2@@__crt_stdio_output@@QAEHXZ 1001c5b2 f i libucrt:output.obj
 0001:0001b6d2       ?state_case_flag@?$output_processor@DV?$string_output_adapter@D@__crt_stdio_output@@V?$standard_base@DV?$string_output_adapter@D@__crt_stdio_output@@@2@@__crt_stdio_output@@AAE_NXZ 1001c6d2 f i libucrt:output.obj
 0001:0001b70f       ?state_case_flag@?$output_processor@_WV?$stream_output_adapter@_W@__crt_stdio_output@@V?$standard_base@_WV?$stream_output_adapter@_W@__crt_stdio_output@@@2@@__crt_stdio_output@@AAE_NXZ 1001c70f f i libucrt:output.obj
 0001:0001b70f       ?state_case_flag@?$output_processor@_WV?$string_output_adapter@_W@__crt_stdio_output@@V?$standard_base@_WV?$string_output_adapter@_W@__crt_stdio_output@@@2@@__crt_stdio_output@@AAE_NXZ 1001c70f f i libucrt:output.obj
 0001:0001b74c       ?state_case_normal@?$output_processor@DV?$string_output_adapter@D@__crt_stdio_output@@V?$standard_base@DV?$string_output_adapter@D@__crt_stdio_output@@@2@@__crt_stdio_output@@AAE_NXZ 1001c74c f i libucrt:output.obj
 0001:0001b76b       ?state_case_normal@?$output_processor@_WV?$stream_output_adapter@_W@__crt_stdio_output@@V?$standard_base@_WV?$stream_output_adapter@_W@__crt_stdio_output@@@2@@__crt_stdio_output@@AAE_NXZ 1001c76b f i libucrt:output.obj
 0001:0001b78a       ?state_case_normal@?$output_processor@_WV?$string_output_adapter@_W@__crt_stdio_output@@V?$standard_base@_WV?$string_output_adapter@_W@__crt_stdio_output@@@2@@__crt_stdio_output@@AAE_NXZ 1001c78a f i libucrt:output.obj
 0001:0001b7a9       ?state_case_normal_common@?$output_processor@DV?$string_output_adapter@D@__crt_stdio_output@@V?$standard_base@DV?$string_output_adapter@D@__crt_stdio_output@@@2@@__crt_stdio_output@@AAE_NXZ 1001c7a9 f i libucrt:output.obj
 0001:0001b7d3       ?state_case_normal_common@?$output_processor@_WV?$stream_output_adapter@_W@__crt_stdio_output@@V?$standard_base@_WV?$stream_output_adapter@_W@__crt_stdio_output@@@2@@__crt_stdio_output@@AAE_NXZ 1001c7d3 f i libucrt:output.obj
 0001:0001b7ee       ?state_case_normal_common@?$output_processor@_WV?$string_output_adapter@_W@__crt_stdio_output@@V?$standard_base@_WV?$string_output_adapter@_W@__crt_stdio_output@@@2@@__crt_stdio_output@@AAE_NXZ 1001c7ee f i libucrt:output.obj
 0001:0001b809       ?state_case_normal_tchar@?$output_processor@DV?$string_output_adapter@D@__crt_stdio_output@@V?$standard_base@DV?$string_output_adapter@D@__crt_stdio_output@@@2@@__crt_stdio_output@@AAE_ND@Z 1001c809 f i libucrt:output.obj
 0001:0001b86a       ?state_case_precision@?$output_processor@DV?$string_output_adapter@D@__crt_stdio_output@@V?$standard_base@DV?$string_output_adapter@D@__crt_stdio_output@@@2@@__crt_stdio_output@@AAE_NXZ 1001c86a f i libucrt:output.obj
 0001:0001b892       ?state_case_precision@?$output_processor@_WV?$stream_output_adapter@_W@__crt_stdio_output@@V?$standard_base@_WV?$stream_output_adapter@_W@__crt_stdio_output@@@2@@__crt_stdio_output@@AAE_NXZ 1001c892 f i libucrt:output.obj
 0001:0001b892       ?state_case_precision@?$output_processor@_WV?$string_output_adapter@_W@__crt_stdio_output@@V?$standard_base@_WV?$string_output_adapter@_W@__crt_stdio_output@@@2@@__crt_stdio_output@@AAE_NXZ 1001c892 f i libucrt:output.obj
 0001:0001b8bb       ?state_case_size@?$output_processor@DV?$string_output_adapter@D@__crt_stdio_output@@V?$standard_base@DV?$string_output_adapter@D@__crt_stdio_output@@@2@@__crt_stdio_output@@AAE_NXZ 1001c8bb f i libucrt:output.obj
 0001:0001ba24       ?state_case_size@?$output_processor@_WV?$stream_output_adapter@_W@__crt_stdio_output@@V?$standard_base@_WV?$stream_output_adapter@_W@__crt_stdio_output@@@2@@__crt_stdio_output@@AAE_NXZ 1001ca24 f i libucrt:output.obj
 0001:0001bba0       ?state_case_size@?$output_processor@_WV?$string_output_adapter@_W@__crt_stdio_output@@V?$standard_base@_WV?$string_output_adapter@_W@__crt_stdio_output@@@2@@__crt_stdio_output@@AAE_NXZ 1001cba0 f i libucrt:output.obj
 0001:0001bd1c       ?state_case_type@?$output_processor@DV?$string_output_adapter@D@__crt_stdio_output@@V?$standard_base@DV?$string_output_adapter@D@__crt_stdio_output@@@2@@__crt_stdio_output@@AAE_NXZ 1001cd1c f i libucrt:output.obj
 0001:0001bf4b       ?state_case_type@?$output_processor@_WV?$stream_output_adapter@_W@__crt_stdio_output@@V?$standard_base@_WV?$stream_output_adapter@_W@__crt_stdio_output@@@2@@__crt_stdio_output@@AAE_NXZ 1001cf4b f i libucrt:output.obj
 0001:0001c1a8       ?state_case_type@?$output_processor@_WV?$string_output_adapter@_W@__crt_stdio_output@@V?$standard_base@_WV?$string_output_adapter@_W@__crt_stdio_output@@@2@@__crt_stdio_output@@AAE_NXZ 1001d1a8 f i libucrt:output.obj
 0001:0001c405       ?state_case_width@?$output_processor@DV?$string_output_adapter@D@__crt_stdio_output@@V?$standard_base@DV?$string_output_adapter@D@__crt_stdio_output@@@2@@__crt_stdio_output@@AAE_NXZ 1001d405 f i libucrt:output.obj
 0001:0001c430       ?state_case_width@?$output_processor@_WV?$string_output_adapter@_W@__crt_stdio_output@@V?$standard_base@_WV?$string_output_adapter@_W@__crt_stdio_output@@@2@@__crt_stdio_output@@AAE_NXZ 1001d430 f i libucrt:output.obj
 0001:0001c430       ?state_case_width@?$output_processor@_WV?$stream_output_adapter@_W@__crt_stdio_output@@V?$standard_base@_WV?$stream_output_adapter@_W@__crt_stdio_output@@@2@@__crt_stdio_output@@AAE_NXZ 1001d430 f i libucrt:output.obj
 0001:0001c45c       ?to_integer_size@__crt_stdio_output@@YAIW4length_modifier@1@@Z 1001d45c f i libucrt:output.obj
 0001:0001c4b8       ?type_case_Z@?$output_processor@DV?$string_output_adapter@D@__crt_stdio_output@@V?$standard_base@DV?$string_output_adapter@D@__crt_stdio_output@@@2@@__crt_stdio_output@@AAE_NXZ 1001d4b8 f i libucrt:output.obj
 0001:0001c51b       ?type_case_Z@?$output_processor@_WV?$string_output_adapter@_W@__crt_stdio_output@@V?$standard_base@_WV?$string_output_adapter@_W@__crt_stdio_output@@@2@@__crt_stdio_output@@AAE_NXZ 1001d51b f i libucrt:output.obj
 0001:0001c51b       ?type_case_Z@?$output_processor@_WV?$stream_output_adapter@_W@__crt_stdio_output@@V?$standard_base@_WV?$stream_output_adapter@_W@__crt_stdio_output@@@2@@__crt_stdio_output@@AAE_NXZ 1001d51b f i libucrt:output.obj
 0001:0001c57e       ?type_case_a@?$output_processor@DV?$string_output_adapter@D@__crt_stdio_output@@V?$standard_base@DV?$string_output_adapter@D@__crt_stdio_output@@@2@@__crt_stdio_output@@AAE_NXZ 1001d57e f i libucrt:output.obj
 0001:0001c6d8       ?type_case_a@?$output_processor@_WV?$string_output_adapter@_W@__crt_stdio_output@@V?$standard_base@_WV?$string_output_adapter@_W@__crt_stdio_output@@@2@@__crt_stdio_output@@AAE_NXZ 1001d6d8 f i libucrt:output.obj
 0001:0001c6d8       ?type_case_a@?$output_processor@_WV?$stream_output_adapter@_W@__crt_stdio_output@@V?$standard_base@_WV?$stream_output_adapter@_W@__crt_stdio_output@@@2@@__crt_stdio_output@@AAE_NXZ 1001d6d8 f i libucrt:output.obj
 0001:0001c84a       ?type_case_c_tchar@?$output_processor@DV?$string_output_adapter@D@__crt_stdio_output@@V?$standard_base@DV?$string_output_adapter@D@__crt_stdio_output@@@2@@__crt_stdio_output@@AAE_ND@Z 1001d84a f i libucrt:output.obj
 0001:0001c8da       ?type_case_c_tchar@?$output_processor@_WV?$stream_output_adapter@_W@__crt_stdio_output@@V?$standard_base@_WV?$stream_output_adapter@_W@__crt_stdio_output@@@2@@__crt_stdio_output@@AAE_N_W@Z 1001d8da f i libucrt:output.obj
 0001:0001c8da       ?type_case_c_tchar@?$output_processor@_WV?$string_output_adapter@_W@__crt_stdio_output@@V?$standard_base@_WV?$string_output_adapter@_W@__crt_stdio_output@@@2@@__crt_stdio_output@@AAE_N_W@Z 1001d8da f i libucrt:output.obj
 0001:0001c972       ?type_case_integer@?$output_processor@_WV?$string_output_adapter@_W@__crt_stdio_output@@V?$standard_base@_WV?$string_output_adapter@_W@__crt_stdio_output@@@2@@__crt_stdio_output@@AAE_NI_N@Z 1001d972 f i libucrt:output.obj
 0001:0001c972       ?type_case_integer@?$output_processor@_WV?$stream_output_adapter@_W@__crt_stdio_output@@V?$standard_base@_WV?$stream_output_adapter@_W@__crt_stdio_output@@@2@@__crt_stdio_output@@AAE_NI_N@Z 1001d972 f i libucrt:output.obj
 0001:0001c972       ?type_case_integer@?$output_processor@DV?$string_output_adapter@D@__crt_stdio_output@@V?$standard_base@DV?$string_output_adapter@D@__crt_stdio_output@@@2@@__crt_stdio_output@@AAE_NI_N@Z 1001d972 f i libucrt:output.obj
 0001:0001cabc       ?type_case_n@?$output_processor@_WV?$stream_output_adapter@_W@__crt_stdio_output@@V?$standard_base@_WV?$stream_output_adapter@_W@__crt_stdio_output@@@2@@__crt_stdio_output@@AAE_NXZ 1001dabc f i libucrt:output.obj
 0001:0001cabc       ?type_case_n@?$output_processor@_WV?$string_output_adapter@_W@__crt_stdio_output@@V?$standard_base@_WV?$string_output_adapter@_W@__crt_stdio_output@@@2@@__crt_stdio_output@@AAE_NXZ 1001dabc f i libucrt:output.obj
 0001:0001cabc       ?type_case_n@?$output_processor@DV?$string_output_adapter@D@__crt_stdio_output@@V?$standard_base@DV?$string_output_adapter@D@__crt_stdio_output@@@2@@__crt_stdio_output@@AAE_NXZ 1001dabc f i libucrt:output.obj
 0001:0001cb30       ?type_case_o@?$output_processor@DV?$string_output_adapter@D@__crt_stdio_output@@V?$standard_base@DV?$string_output_adapter@D@__crt_stdio_output@@@2@@__crt_stdio_output@@AAE_NXZ 1001db30 f i libucrt:output.obj
 0001:0001cb30       ?type_case_o@?$output_processor@_WV?$stream_output_adapter@_W@__crt_stdio_output@@V?$standard_base@_WV?$stream_output_adapter@_W@__crt_stdio_output@@@2@@__crt_stdio_output@@AAE_NXZ 1001db30 f i libucrt:output.obj
 0001:0001cb30       ?type_case_o@?$output_processor@_WV?$string_output_adapter@_W@__crt_stdio_output@@V?$standard_base@_WV?$string_output_adapter@_W@__crt_stdio_output@@@2@@__crt_stdio_output@@AAE_NXZ 1001db30 f i libucrt:output.obj
 0001:0001cb4f       ?type_case_p@?$output_processor@_WV?$stream_output_adapter@_W@__crt_stdio_output@@V?$standard_base@_WV?$stream_output_adapter@_W@__crt_stdio_output@@@2@@__crt_stdio_output@@AAE_NXZ 1001db4f f i libucrt:output.obj
 0001:0001cb4f       ?type_case_p@?$output_processor@_WV?$string_output_adapter@_W@__crt_stdio_output@@V?$standard_base@_WV?$string_output_adapter@_W@__crt_stdio_output@@@2@@__crt_stdio_output@@AAE_NXZ 1001db4f f i libucrt:output.obj
 0001:0001cb4f       ?type_case_p@?$output_processor@DV?$string_output_adapter@D@__crt_stdio_output@@V?$standard_base@DV?$string_output_adapter@D@__crt_stdio_output@@@2@@__crt_stdio_output@@AAE_NXZ 1001db4f f i libucrt:output.obj
 0001:0001cb67       ?type_case_s@?$output_processor@DV?$string_output_adapter@D@__crt_stdio_output@@V?$standard_base@DV?$string_output_adapter@D@__crt_stdio_output@@@2@@__crt_stdio_output@@AAE_NXZ 1001db67 f i libucrt:output.obj
 0001:0001cbda       ?type_case_s@?$output_processor@_WV?$stream_output_adapter@_W@__crt_stdio_output@@V?$standard_base@_WV?$stream_output_adapter@_W@__crt_stdio_output@@@2@@__crt_stdio_output@@AAE_NXZ 1001dbda f i libucrt:output.obj
 0001:0001cbda       ?type_case_s@?$output_processor@_WV?$string_output_adapter@_W@__crt_stdio_output@@V?$standard_base@_WV?$string_output_adapter@_W@__crt_stdio_output@@@2@@__crt_stdio_output@@AAE_NXZ 1001dbda f i libucrt:output.obj
 0001:0001cc4e       ?type_case_s_compute_narrow_string_length@?$output_processor@_WV?$stream_output_adapter@_W@__crt_stdio_output@@V?$standard_base@_WV?$stream_output_adapter@_W@__crt_stdio_output@@@2@@__crt_stdio_output@@ABEHH_W@Z 1001dc4e f i libucrt:output.obj
 0001:0001cc4e       ?type_case_s_compute_narrow_string_length@?$output_processor@_WV?$string_output_adapter@_W@__crt_stdio_output@@V?$standard_base@_WV?$string_output_adapter@_W@__crt_stdio_output@@@2@@__crt_stdio_output@@ABEHH_W@Z 1001dc4e f i libucrt:output.obj
 0001:0001cc8e       ?validate@?$stream_output_adapter@_W@__crt_stdio_output@@QBE_NXZ 1001dc8e f i libucrt:output.obj
 0001:0001cc8e       ?validate@?$c_string_character_source@D@__crt_strtox@@QBE_NXZ 1001dc8e f i libucrt:atox.obj
 0001:0001cc8e       ?validate@?$c_string_character_source@_W@__crt_strtox@@QBE_NXZ 1001dc8e f i libucrt:atox.obj
 0001:0001cc8e       ?validate@?$string_output_adapter@_W@__crt_stdio_output@@QBE_NXZ 1001dc8e f i libucrt:output.obj
 0001:0001cc8e       ?validate@?$string_output_adapter@D@__crt_stdio_output@@QBE_NXZ 1001dc8e f i libucrt:output.obj
 0001:0001cca9       ?write_character@?$stream_output_adapter@_W@__crt_stdio_output@@QBEX_WQAH@Z 1001dca9 f i libucrt:output.obj
 0001:0001cce9       ?write_character@?$string_output_adapter@D@__crt_stdio_output@@QBE_NDQAH@Z 1001dce9 f i libucrt:output.obj
 0001:0001cd2b       ?write_character@?$string_output_adapter@_W@__crt_stdio_output@@QBE_N_WQAH@Z 1001dd2b f i libucrt:output.obj
 0001:0001cd70       ?write_stored_string_tchar@?$output_processor@DV?$string_output_adapter@D@__crt_stdio_output@@V?$standard_base@DV?$string_output_adapter@D@__crt_stdio_output@@@2@@__crt_stdio_output@@AAE_ND@Z 1001dd70 f i libucrt:output.obj
 0001:0001ce17       ?write_stored_string_tchar@?$output_processor@_WV?$stream_output_adapter@_W@__crt_stdio_output@@V?$standard_base@_WV?$stream_output_adapter@_W@__crt_stdio_output@@@2@@__crt_stdio_output@@AAE_N_W@Z 1001de17 f i libucrt:output.obj
 0001:0001cea2       ?write_stored_string_tchar@?$output_processor@_WV?$string_output_adapter@_W@__crt_stdio_output@@V?$standard_base@_WV?$string_output_adapter@_W@__crt_stdio_output@@@2@@__crt_stdio_output@@AAE_N_W@Z 1001dea2 f i libucrt:output.obj
 0001:0001cf2d       ?write_string@?$stream_output_adapter@_W@__crt_stdio_output@@QBEXQB_WHQAH1@Z 1001df2d f i libucrt:output.obj
 0001:0001cfba       ?write_string@?$string_output_adapter@D@__crt_stdio_output@@QBEXQBDHQAH1@Z 1001dfba f i libucrt:output.obj
 0001:0001d04d       ?write_string@?$string_output_adapter@_W@__crt_stdio_output@@QBEXQB_WHQAH1@Z 1001e04d f i libucrt:output.obj
 0001:0001d0e7       ___stdio_common_vfwprintf  1001e0e7 f   libucrt:output.obj
 0001:0001d15e       ___stdio_common_vsprintf   1001e15e f   libucrt:output.obj
 0001:0001d182       ___stdio_common_vswprintf  1001e182 f   libucrt:output.obj
 0001:0001d1a6       ??$?RV<lambda_b0cac3301889906f8da68b04e3d9a7f4>@@AAV<lambda_9a20e10065b92b5193c3597a66cba9d4>@@V<lambda_24b35df97fd4c1fecac72a72d95cc146>@@@?$__crt_seh_guarded_call@H@@QAEH$$QAV<lambda_b0cac3301889906f8da68b04e3d9a7f4>@@AAV<lambda_9a20e10065b92b5193c3597a66cba9d4>@@$$QAV<lambda_24b35df97fd4c1fecac72a72d95cc146>@@@Z 1001e1a6 f i libucrt:fputs.obj
 0001:0001d1f7       ??$__acrt_lock_stream_and_call@V<lambda_9a20e10065b92b5193c3597a66cba9d4>@@@@YAHQAU_iobuf@@$$QAV<lambda_9a20e10065b92b5193c3597a66cba9d4>@@@Z 1001e1f7 f i libucrt:fputs.obj
 0001:0001d26d       _fputs                     1001e26d f   libucrt:fputs.obj
 0001:0001d348       _free                      1001e348 f   libucrt:free.obj
 0001:0001d34d       ??$is_overflow_condition@K@__crt_strtox@@YA_NIK@Z 1001e34d f i libucrt:atox.obj
 0001:0001d380       ??$is_overflow_condition@_K@__crt_strtox@@YA_NI_K@Z 1001e380 f i libucrt:atox.obj
 0001:0001d3c3       ??$make_c_string_character_source@_WPAPA_W@__crt_strtox@@YA?AV?$c_string_character_source@_W@0@QB_WQAPA_W@Z 1001e3c3 f i libucrt:strtox.obj
 0001:0001d3c3       ??$make_c_string_character_source@D$$T@__crt_strtox@@YA?AV?$c_string_character_source@D@0@QBD$$T@Z 1001e3c3 f i libucrt:atox.obj
 0001:0001d3c3       ??$make_c_string_character_source@DPAPAD@__crt_strtox@@YA?AV?$c_string_character_source@D@0@QBDQAPAD@Z 1001e3c3 f i libucrt:strtox.obj
 0001:0001d3de       ??$parse_integer@KV?$c_string_character_source@D@__crt_strtox@@@__crt_strtox@@YAKQAU__crt_locale_pointers@@V?$c_string_character_source@D@0@H_N@Z 1001e3de f i libucrt:atox.obj
 0001:0001d606       ??$parse_integer@KV?$c_string_character_source@_W@__crt_strtox@@@__crt_strtox@@YAKQAU__crt_locale_pointers@@V?$c_string_character_source@_W@0@H_N@Z 1001e606 f i libucrt:atox.obj
 0001:0001dceb       ??$parse_integer@_KV?$c_string_character_source@D@__crt_strtox@@@__crt_strtox@@YA_KQAU__crt_locale_pointers@@V?$c_string_character_source@D@0@H_N@Z 1001eceb f i libucrt:atox.obj
 0001:0001df91       ?unget@?$c_string_character_source@D@__crt_strtox@@QAEXD@Z 1001ef91 f i libucrt:atox.obj
 0001:0001dfb9       ?unget@?$c_string_character_source@_W@__crt_strtox@@QAEX_W@Z 1001efb9 f i libucrt:atox.obj
 0001:0001dfe5       __chvalidchk_l             1001efe5 f i libucrt:atox.obj
 0001:0001e00f       __ischartype_l             1001f00f f i libucrt:atox.obj
 0001:0001e042       _atoi                      1001f042 f   libucrt:atox.obj
 0001:0001e15c       _getenv                    1001f15c f   libucrt:getenv.obj
 0001:0001e167       _malloc                    1001f167 f   libucrt:malloc.obj
 0001:0001e172       ___acrt_errno_from_os_error 1001f172 f   libucrt:errno.obj
 0001:0001e1b5       ___acrt_errno_map_os_error 1001f1b5 f   libucrt:errno.obj
 0001:0001e1d8       ___doserrno                1001f1d8 f   libucrt:errno.obj
 0001:0001e1eb       __errno                    1001f1eb f   libucrt:errno.obj
 0001:0001e862       ??$ftprintf@PAU_iobuf@@PB_WABQB_WABQB_WABI@?$__crt_char_traits@_W@@SAH$$QAPAU_iobuf@@$$QAPB_WABQB_W2ABI@Z 1001f862 f i libucrt:assert.obj
 0001:0001e941       __vfwprintf_l              1001f941 f i libucrt:assert.obj
 0001:0001e966       __vswprintf_c_l            1001f966 f i libucrt:assert.obj
 0001:0001e995       __wassert                  1001f995 f   libucrt:assert.obj
 0001:0001e9dd       _fwprintf                  1001f9dd f i libucrt:assert.obj
 0001:0001ea79       _swprintf                  1001fa79 f i libucrt:assert.obj
 0001:0001ea97       _strtok                    1001fa97 f   libucrt:strtok.obj
 0001:0001ed83       __tolower_l                1001fd83 f   libucrt:tolower_toupper.obj
 0001:0001ed9d       __toupper_l                1001fd9d f   libucrt:tolower_toupper.obj
 0001:0001edb7       _tolower                   1001fdb7 f   libucrt:tolower_toupper.obj
 0001:0001ede7       _toupper                   1001fde7 f   libucrt:tolower_toupper.obj
 0001:0001ee94       ??Rthread_parameter_free_policy@?A0xe57bf005@@QAEXQAU__acrt_thread_parameter@@@Z 1001fe94 f i libucrt:thread.obj
 0001:0001ef6b       __beginthreadex            1001ff6b f   libucrt:thread.obj
 0001:0001eff0       __endthreadex              1001fff0 f   libucrt:thread.obj
 0001:0001effe       __strdup                   1001fffe f   libucrt:strdup.obj
 0001:0001f060       _strncmp                   10020060 f   libucrt:strncmp.obj
 0001:0001f0e0       _strncat                   100200e0 f   libucrt:strncat.obj
 0001:0001f215       ??$assemble_floating_point_ind@N@__crt_strtox@@YAXAAN@Z 10020215 f i libucrt:input.obj
 0001:0001f244       ??$assemble_floating_point_infinity@N@__crt_strtox@@YAX_NAAN@Z 10020244 f i libucrt:input.obj
 0001:0001f283       ??$assemble_floating_point_qnan@N@__crt_strtox@@YAX_NAAN@Z 10020283 f i libucrt:input.obj
 0001:0001f2c2       ??$assemble_floating_point_snan@N@__crt_strtox@@YAX_NAAN@Z 100202c2 f i libucrt:input.obj
 0001:0001f306       ??$assemble_floating_point_value_t@M@__crt_strtox@@YA?AW4SLD_STATUS@@_NH_KAAM@Z 10020306 f i libucrt:input.obj
 0001:0001f336       ??$assemble_floating_point_value_t@N@__crt_strtox@@YA?AW4SLD_STATUS@@_NH_KAAN@Z 10020336 f i libucrt:input.obj
 0001:0001f395       ??$assemble_floating_point_zero@N@__crt_strtox@@YAX_NAAN@Z 10020395 f i libucrt:input.obj
 0001:0001f493       ??$convert_decimal_string_to_floating_type@M@__crt_strtox@@YA?AW4SLD_STATUS@@ABUfloating_point_string@0@AAM@Z 10020493 f i libucrt:input.obj
 0001:0001f4b6       ??$convert_decimal_string_to_floating_type@N@__crt_strtox@@YA?AW4SLD_STATUS@@ABUfloating_point_string@0@AAN@Z 100204b6 f i libucrt:input.obj
 0001:0001f4d9       ??$convert_hexadecimal_string_to_floating_type@M@__crt_strtox@@YA?AW4SLD_STATUS@@ABUfloating_point_string@0@AAM@Z 100204d9 f i libucrt:input.obj
 0001:0001f4fc       ??$convert_hexadecimal_string_to_floating_type@N@__crt_strtox@@YA?AW4SLD_STATUS@@ABUfloating_point_string@0@AAN@Z 100204fc f i libucrt:input.obj
 0001:0001f51f       ??$make_input_adapter_character_source@V?$string_input_adapter@D@__crt_stdio_input@@@__crt_strtox@@YA?AV?$input_adapter_character_source@V?$string_input_adapter@D@__crt_stdio_input@@@0@QAV?$string_input_adapter@D@__crt_stdio_input@@_KQA_N@Z 1002051f f i libucrt:input.obj
 0001:0001f53d       ??$parse_floating_point@V?$input_adapter_character_source@V?$string_input_adapter@D@__crt_stdio_input@@@__crt_strtox@@M@__crt_strtox@@YA?AW4SLD_STATUS@@QAU__crt_locale_pointers@@V?$input_adapter_character_source@V?$string_input_adapter@D@__crt_stdio_input@@@0@QAM@Z 1002053d f i libucrt:input.obj
 0001:0001f5b8       ??$parse_floating_point@V?$input_adapter_character_source@V?$string_input_adapter@D@__crt_stdio_input@@@__crt_strtox@@N@__crt_strtox@@YA?AW4SLD_STATUS@@QAU__crt_locale_pointers@@V?$input_adapter_character_source@V?$string_input_adapter@D@__crt_stdio_input@@@0@QAN@Z 100205b8 f i libucrt:input.obj
 0001:0001f633       ??$parse_floating_point_from_source@V?$input_adapter_character_source@V?$string_input_adapter@D@__crt_stdio_input@@@__crt_strtox@@@__crt_strtox@@YA?AW4floating_point_parse_result@0@QAU__crt_locale_pointers@@AAV?$input_adapter_character_source@V?$string_input_adapter@D@__crt_stdio_input@@@0@AAUfloating_point_string@0@@Z 10020633 f i libucrt:input.obj
 0001:0001fa9a       ??$parse_floating_point_possible_infinity@DV?$input_adapter_character_source@V?$string_input_adapter@D@__crt_stdio_input@@@__crt_strtox@@_K@__crt_strtox@@YA?AW4floating_point_parse_result@0@AADAAV?$input_adapter_character_source@V?$string_input_adapter@D@__crt_stdio_input@@@0@_K@Z 10020a9a f i libucrt:input.obj
 0001:0001fb5b       ??$parse_floating_point_possible_nan@DV?$input_adapter_character_source@V?$string_input_adapter@D@__crt_stdio_input@@@__crt_strtox@@_K@__crt_strtox@@YA?AW4floating_point_parse_result@0@AADAAV?$input_adapter_character_source@V?$string_input_adapter@D@__crt_stdio_input@@@0@_K@Z 10020b5b f i libucrt:input.obj
 0001:0001fc6d       ??$parse_floating_point_possible_nan_is_ind@DV?$input_adapter_character_source@V?$string_input_adapter@D@__crt_stdio_input@@@__crt_strtox@@@__crt_strtox@@YA_NAADAAV?$input_adapter_character_source@V?$string_input_adapter@D@__crt_stdio_input@@@0@@Z 10020c6d f i libucrt:input.obj
 0001:0001fca7       ??$parse_floating_point_possible_nan_is_snan@DV?$input_adapter_character_source@V?$string_input_adapter@D@__crt_stdio_input@@@__crt_strtox@@@__crt_strtox@@YA_NAADAAV?$input_adapter_character_source@V?$string_input_adapter@D@__crt_stdio_input@@@0@@Z 10020ca7 f i libucrt:input.obj
 0001:0001fce1       ??$parse_floating_point_write_result@M@__crt_strtox@@YA?AW4SLD_STATUS@@W4floating_point_parse_result@0@ABUfloating_point_string@0@QAM@Z 10020ce1 f i libucrt:input.obj
 0001:0001fdf1       ??$parse_floating_point_write_result@N@__crt_strtox@@YA?AW4SLD_STATUS@@W4floating_point_parse_result@0@ABUfloating_point_string@0@QAN@Z 10020df1 f i libucrt:input.obj
 0001:0001fef5       ??$parse_integer@_KV?$input_adapter_character_source@V?$string_input_adapter@D@__crt_stdio_input@@@__crt_strtox@@@__crt_strtox@@YA_KQAU__crt_locale_pointers@@V?$input_adapter_character_source@V?$string_input_adapter@D@__crt_stdio_input@@@0@H_N@Z 10020ef5 f i libucrt:input.obj
 0001:000201a6       ??$process_floating_point_specifier_t@M@?$input_processor@DV?$string_input_adapter@D@__crt_stdio_input@@@__crt_stdio_input@@AAE_NXZ 100211a6 f i libucrt:input.obj
 0001:0002020e       ??$process_floating_point_specifier_t@N@?$input_processor@DV?$string_input_adapter@D@__crt_stdio_input@@@__crt_stdio_input@@AAE_NXZ 1002120e f i libucrt:input.obj
 0001:00020276       ??$process_string_specifier_tchar@D@?$input_processor@DV?$string_input_adapter@D@__crt_stdio_input@@@__crt_stdio_input@@AAE_NW4conversion_mode@1@D@Z 10021276 f i libucrt:input.obj
 0001:000203d8       ??$process_string_specifier_tchar@_W@?$input_processor@DV?$string_input_adapter@D@__crt_stdio_input@@@__crt_stdio_input@@AAE_NW4conversion_mode@1@_W@Z 100213d8 f i libucrt:input.obj
 0001:00020544       ??$skip_whitespace@Vstring_input_adapter@__crt_stdio_input@@D@__crt_stdio_input@@YAHAAV?$string_input_adapter@D@0@QAU__crt_locale_pointers@@@Z 10021544 f i libucrt:input.obj
 0001:00020573       ??$write_floating_point@M@?$input_processor@DV?$string_input_adapter@D@__crt_stdio_input@@@__crt_stdio_input@@AAE_NABM@Z 10021573 f i libucrt:input.obj
 0001:000205aa       ??$write_floating_point@N@?$input_processor@DV?$string_input_adapter@D@__crt_stdio_input@@@__crt_stdio_input@@AAE_NABN@Z 100215aa f i libucrt:input.obj
 0001:000205e7       ??0?$format_string_parser@D@__crt_stdio_input@@QAE@_KQBE@Z 100215e7 f i libucrt:input.obj
 0001:00020631       ??0?$input_adapter_character_source@V?$string_input_adapter@D@__crt_stdio_input@@@__crt_strtox@@QAE@QAV?$string_input_adapter@D@__crt_stdio_input@@_KQA_N@Z 10021631 f i libucrt:input.obj
 0001:00020662       ??0?$input_processor@DV?$string_input_adapter@D@__crt_stdio_input@@@__crt_stdio_input@@QAE@ABV?$string_input_adapter@D@1@_KQBDQAU__crt_locale_pointers@@QAD@Z 10021662 f i libucrt:input.obj
 0001:000206d4       ?advance@?$format_string_parser@D@__crt_stdio_input@@QAE_NXZ 100216d4 f i libucrt:input.obj
 0001:000207f4       ?as_double@floating_point_value@__crt_strtox@@QBEAANXZ 100217f4 f i libucrt:input.obj
 0001:00020819       ?as_float@floating_point_value@__crt_strtox@@QBEAAMXZ 10021819 f i libucrt:input.obj
 0001:0002083e       ?assemble_floating_point_infinity@__crt_strtox@@YAX_NABVfloating_point_value@1@@Z 1002183e f i libucrt:input.obj
 0001:00020878       ?assemble_floating_point_value@__crt_strtox@@YA?AW4SLD_STATUS@@_KH_N1ABVfloating_point_value@1@@Z 10021878 f i libucrt:input.obj
 0001:00020bc4       ?assemble_floating_point_value_from_big_integer@__crt_strtox@@YA?AW4SLD_STATUS@@ABUbig_integer@1@I_N1ABVfloating_point_value@1@@Z 10021bc4 f i libucrt:input.obj
 0001:00020d52       ?assemble_floating_point_zero@__crt_strtox@@YAX_NABVfloating_point_value@1@@Z 10021d52 f i libucrt:input.obj
 0001:00020d86       ?convert_decimal_string_to_floating_type_common@__crt_strtox@@YA?AW4SLD_STATUS@@ABUfloating_point_string@1@ABVfloating_point_value@1@@Z 10021d86 f i libucrt:input.obj
 0001:00022b49       ?convert_hexadecimal_string_to_floating_type_common@__crt_strtox@@YA?AW4SLD_STATUS@@ABUfloating_point_string@1@ABVfloating_point_value@1@@Z 10023b49 f i libucrt:input.obj
 0001:00022bf5       ?denormal_mantissa_mask@floating_point_value@__crt_strtox@@QBE_KXZ 10023bf5 f i libucrt:input.obj
 0001:00022c10       ?divide@__crt_strtox@@YA_KAAUbig_integer@1@ABU21@@Z 10023c10 f i libucrt:input.obj
 0001:000230be       ?get@?$input_adapter_character_source@V?$string_input_adapter@D@__crt_stdio_input@@@__crt_strtox@@QAEDXZ 100240be f i libucrt:input.obj
 0001:000230f8       ?get@?$string_input_adapter@D@__crt_stdio_input@@QAEHXZ 100240f8 f i libucrt:input.obj
 0001:0002310e       ?invert@?$scanset_buffer@E@__crt_stdio_input@@QAEXXZ 1002410e f i libucrt:input.obj
 0001:0002312c       ?is_character_allowed_in_string@?$input_processor@DV?$string_input_adapter@D@__crt_stdio_input@@@__crt_stdio_input@@ABE_NW4conversion_mode@2@H@Z 1002412c f i libucrt:input.obj
 0001:00023172       ?length@?$format_string_parser@D@__crt_stdio_input@@QBEIXZ 10024172 f i libucrt:input.obj
 0001:000231b3       ?normal_mantissa_mask@floating_point_value@__crt_strtox@@QBE_KXZ 100241b3 f i libucrt:input.obj
 0001:000231ca       ?process@?$input_processor@DV?$string_input_adapter@D@__crt_stdio_input@@@__crt_stdio_input@@QAEHXZ 100241ca f i libucrt:input.obj
 0001:0002324f       ?process_character_count_specifier@?$input_processor@DV?$string_input_adapter@D@__crt_stdio_input@@@__crt_stdio_input@@AAE_NXZ 1002424f f i libucrt:input.obj
 0001:00023269       ?process_conversion_specifier@?$input_processor@DV?$string_input_adapter@D@__crt_stdio_input@@@__crt_stdio_input@@AAE_NXZ 10024269 f i libucrt:input.obj
 0001:000232dd       ?process_floating_point_specifier@?$input_processor@DV?$string_input_adapter@D@__crt_stdio_input@@@__crt_stdio_input@@AAE_NXZ 100242dd f i libucrt:input.obj
 0001:0002330d       ?process_integer_specifier@?$input_processor@DV?$string_input_adapter@D@__crt_stdio_input@@@__crt_stdio_input@@AAE_NI_N@Z 1002430d f i libucrt:input.obj
 0001:00023373       ?process_literal_character@?$input_processor@DV?$string_input_adapter@D@__crt_stdio_input@@@__crt_stdio_input@@AAE_NXZ 10024373 f i libucrt:input.obj
 0001:000233a9       ?process_literal_character_tchar@?$input_processor@DV?$string_input_adapter@D@__crt_stdio_input@@@__crt_stdio_input@@AAE_ND@Z 100243a9 f i libucrt:input.obj
[...]
 0002:0000d4c8       __sehtable$___BuildCatchObject 1003f4c8     libvcruntime:frame.obj
 0002:0000d4e8       __sehtable$___DestructExceptionObject 1003f4e8     libvcruntime:frame.obj
 0002:0000d504       __catchsym$?CallUnexpected@@YAXPBU_s_ESTypeList@@@Z$2 1003f504     libvcruntime:frame.obj
 0002:0000d514       __unwindtable$?CallUnexpected@@YAXPBU_s_ESTypeList@@@Z 1003f514     libvcruntime:frame.obj
 0002:0000d524       __tryblocktable$?CallUnexpected@@YAXPBU_s_ESTypeList@@@Z 1003f524     libvcruntime:frame.obj
 0002:0000d538       __ehfuncinfo$?CallUnexpected@@YAXPBU_s_ESTypeList@@@Z 1003f538     libvcruntime:frame.obj
 0002:0000d560       __sehtable$___BuildCatchObjectHelper 1003f560     libvcruntime:frame.obj
 0002:0000d5b8       __sehtable$??$?RV<lambda_ab9923ffb5d694ec0d78876dd103e44f>@@AAV<lambda_481dd5778c961fbcd3b60b650e9b9dc4>@@V<lambda_7923d86c9e3f319b415918ec4b39749c>@@@?$__crt_seh_guarded_call@H@@QAEH$$QAV<lambda_ab9923ffb5d694ec0d78876dd103e44f>@@AAV<lambda_481dd5778c961fbcd3b60b650e9b9dc4>@@$$QAV<lambda_7923d86c9e3f319b415918ec4b39749c>@@@Z 1003f5b8     libucrt:output.obj
 0002:0000d5d8       __sehtable$??$?RV<lambda_b0cac3301889906f8da68b04e3d9a7f4>@@AAV<lambda_9a20e10065b92b5193c3597a66cba9d4>@@V<lambda_24b35df97fd4c1fecac72a72d95cc146>@@@?$__crt_seh_guarded_call@H@@QAEH$$QAV<lambda_b0cac3301889906f8da68b04e3d9a7f4>@@AAV<lambda_9a20e10065b92b5193c3597a66cba9d4>@@$$QAV<lambda_24b35df97fd4c1fecac72a72d95cc146>@@@Z 1003f5d8     libucrt:fputs.obj
 0002:0000d5f8       __sehtable$??$common_getenv@D@@YAPADQBD@Z 1003f5f8     libucrt:getenv.obj
 0002:0000d618       __sehtable$??$thread_start@P6GIPAX@Z@@YGKQAX@Z 1003f618     libucrt:thread.obj
 0002:0000d638       __sehtable$__query_new_handler 1003f638     libucrt:new_handler.obj
 0002:0000d658       __sehtable$?common_exit@@YAXHW4_crt_exit_cleanup_mode@@W4_crt_exit_return_mode@@@Z 1003f658     libucrt:exit.obj
 0002:0000d680       __sehtable$??$?RV<lambda_800076c951b434888f4765a74a194fcc>@@AAV<lambda_4e60a939b0d047cfe11ddc22648dfba9>@@V<lambda_6dbb1268764f43b569ce7b67e331d33a>@@@?$__crt_seh_guarded_call@H@@QAEH$$QAV<lambda_800076c951b434888f4765a74a194fcc>@@AAV<lambda_4e60a939b0d047cfe11ddc22648dfba9>@@$$QAV<lambda_6dbb1268764f43b569ce7b67e331d33a>@@@Z 1003f680     libucrt:onexit.obj
 0002:0000d6a0       __sehtable$??$?RV<lambda_995298e7d72eb4c2aab26c0585b3abe5>@@AAV<lambda_275893d493268fdec8709772e3fcec0e>@@V<lambda_293819299cbf9a7022e18b56a874bb5c>@@@?$__crt_seh_guarded_call@H@@QAEH$$QAV<lambda_995298e7d72eb4c2aab26c0585b3abe5>@@AAV<lambda_275893d493268fdec8709772e3fcec0e>@@$$QAV<lambda_293819299cbf9a7022e18b56a874bb5c>@@@Z 1003f6a0     libucrt:onexit.obj
 0002:0000d6c0       __sehtable$_terminate      1003f6c0     libucrt:terminate.obj
 0002:0000d6e0       __sehtable$??$?RV<lambda_9df27f884b057bc3edfc946cb5b7cf47>@@AAV<lambda_e69574bed617af4e071282c136b37893>@@V<lambda_cc0d902bcbbeb830f749456577db4721>@@@?$__crt_seh_guarded_call@X@@QAEX$$QAV<lambda_9df27f884b057bc3edfc946cb5b7cf47>@@AAV<lambda_e69574bed617af4e071282c136b37893>@@$$QAV<lambda_cc0d902bcbbeb830f749456577db4721>@@@Z 1003f6e0     libucrt:per_thread_data.obj
 0002:0000d700       __sehtable$??$?RV<lambda_3518db117f0e7cdb002338c5d3c47b6c>@@AAV<lambda_b2ea41f6bbb362cd97d94c6828d90b61>@@V<lambda_abdedf541bb04549bc734292b4a045d4>@@@?$__crt_seh_guarded_call@X@@QAEX$$QAV<lambda_3518db117f0e7cdb002338c5d3c47b6c>@@AAV<lambda_b2ea41f6bbb362cd97d94c6828d90b61>@@$$QAV<lambda_abdedf541bb04549bc734292b4a045d4>@@@Z 1003f700     libucrt:per_thread_data.obj
 0002:0000d720       __sehtable$??$?RV<lambda_51b6e8b1eb166f2a3faf91f424b38130>@@AAV<lambda_6250bd4b2a391816dd638c3bf72b0bcb>@@V<lambda_0b5a4a3e68152e1d9b943535f5f47bed>@@@?$__crt_seh_guarded_call@X@@QAEX$$QAV<lambda_51b6e8b1eb166f2a3faf91f424b38130>@@AAV<lambda_6250bd4b2a391816dd638c3bf72b0bcb>@@$$QAV<lambda_0b5a4a3e68152e1d9b943535f5f47bed>@@@Z 1003f720     libucrt:per_thread_data.obj
 0002:0000d740       __sehtable$??$?RV<lambda_5b71d36f03204c0beab531769a5b5694>@@AAV<lambda_be2b3da3f62db62e9dad5dc70221a656>@@V<lambda_8f9ce462984622f9bf76b59e2aaaf805>@@@?$__crt_seh_guarded_call@X@@QAEX$$QAV<lambda_5b71d36f03204c0beab531769a5b5694>@@AAV<lambda_be2b3da3f62db62e9dad5dc70221a656>@@$$QAV<lambda_8f9ce462984622f9bf76b59e2aaaf805>@@@Z 1003f740     libucrt:per_thread_data.obj
 0002:0000d760       __sehtable$___acrt_uninitialize_locale 1003f760     libucrt:wsetlocale.obj
 0002:0000d780       __sehtable$__fcloseall     1003f780     libucrt:closeall.obj
 0002:0000d7a0       __sehtable$_fflush         1003f7a0     libucrt:fflush.obj
 0002:0000d7c0       __sehtable$_common_flush_all 1003f7c0     libucrt:fflush.obj
 0002:0000d7e8       __sehtable$___acrt_initialize_lowio 1003f7e8     libucrt:ioinit.obj
 0002:0000d808       __sehtable$??$?RV<lambda_d92cfe8357b99225085016881b624cb0>@@AAV<lambda_b721fa326cdb32351d23dfa67958c160>@@V<lambda_42d75b0848218ec137fa420c8ba9fdf9>@@@?$__crt_seh_guarded_call@H@@QAEH$$QAV<lambda_d92cfe8357b99225085016881b624cb0>@@AAV<lambda_b721fa326cdb32351d23dfa67958c160>@@$$QAV<lambda_42d75b0848218ec137fa420c8ba9fdf9>@@@Z 1003f808     libucrt:setvbuf.obj
 0002:0000d828       __sehtable$_raise          1003f828     libucrt:signal.obj
 0002:0000d848       __sehtable$??$?RV<lambda_a048d3beccc847880fc8490e18b82769>@@AAV<lambda_ec61778202f4f5fc7e7711acc23c3bca>@@V<lambda_f7496a158712204296dd6628a163878e>@@@?$__crt_seh_guarded_call@P6AXH@Z@@QAEP6AXH@Z$$QAV<lambda_a048d3beccc847880fc8490e18b82769>@@AAV<lambda_ec61778202f4f5fc7e7711acc23c3bca>@@$$QAV<lambda_f7496a158712204296dd6628a163878e>@@@Z 1003f848     libucrt:signal.obj
 0002:0000d868       __sehtable$___acrt_update_thread_multibyte_data 1003f868     libucrt:mbctype.obj
 0002:0000d888       __sehtable$??$?RV<lambda_978dc153c237d78434369da87b74ff60>@@AAV<lambda_ad1ced32f4ac17aa236e5ef05d6b3b7c>@@V<lambda_4a8533e2866a575feecb8298ce776b0d>@@@?$__crt_seh_guarded_call@X@@QAEX$$QAV<lambda_978dc153c237d78434369da87b74ff60>@@AAV<lambda_ad1ced32f4ac17aa236e5ef05d6b3b7c>@@$$QAV<lambda_4a8533e2866a575feecb8298ce776b0d>@@@Z 1003f888     libucrt:mbctype.obj
 0002:0000d8a8       __sehtable$___acrt_update_thread_locale_data 1003f8a8     libucrt:locale_refcounting.obj
 0002:0000d8c8       __sehtable$_fclose         1003f8c8     libucrt:fclose.obj
 0002:0000d8e8       __sehtable$??$?RV<lambda_61cee617f5178ae960314fd4d05640a0>@@AAV<lambda_6978c1fb23f02e42e1d9e99668cc68aa>@@V<lambda_9cd88cf8ad10232537feb2133f08c833>@@@?$__crt_seh_guarded_call@H@@QAEH$$QAV<lambda_61cee617f5178ae960314fd4d05640a0>@@AAV<lambda_6978c1fb23f02e42e1d9e99668cc68aa>@@$$QAV<lambda_9cd88cf8ad10232537feb2133f08c833>@@@Z 1003f8e8     libucrt:commit.obj
 0002:0000d908       __sehtable$__write         1003f908     libucrt:write.obj
 0002:0000d928       __sehtable$___acrt_lowio_ensure_fh_exists 1003f928     libucrt:osfinfo.obj
 0002:0000d948       __sehtable$??$?RV<lambda_123407a5e2ac06da108355a851863b7a>@@AAV<lambda_2fe9b910cf3cbf4a0ab98a02ba45b3ec>@@V<lambda_ae55bdf541ad94d75914d381c370e64d>@@@?$__crt_seh_guarded_call@H@@QAEH$$QAV<lambda_123407a5e2ac06da108355a851863b7a>@@AAV<lambda_2fe9b910cf3cbf4a0ab98a02ba45b3ec>@@$$QAV<lambda_ae55bdf541ad94d75914d381c370e64d>@@@Z 1003f948     libucrt:close.obj
 0002:0000d968       __sehtable$??$common_lseek@_J@@YA_JH_JH@Z 1003f968     libucrt:lseek.obj
 0002:0000d988       __sehtable$__IsNonwritableInCurrentImage 1003f988     LIBCMT:pesect.obj
 0002:0000d9b0       .edata                     1003f9b0     usb_bindings.exp
 0002:0000d9d8       rgpv                       1003f9d8     usb_bindings.exp
 0002:0000d9dc       rgszName                   1003f9dc     usb_bindings.exp
 0002:0000d9e0       rgwOrd                     1003f9e0     usb_bindings.exp
 0002:0000d9e2       szName                     1003f9e2     usb_bindings.exp
 0002:0000d9f4       $N00001                    1003f9f4     usb_bindings.exp
 0002:0000dd78       .idata$6                   1003fd78     kernel32:KERNEL32.dll
 0002:0000f0a2       .idata$6                   100410a2     iojs:node.dll
 0002:0000f874       .idata$6                   10041874     user32:USER32.dll
 0003:00000010       ?__vcrt_flsindex@@3KA      10042010     libvcruntime:per_thread_data.obj
 0003:000000d8       _errno_no_memory           100420d8     libucrt:errno.obj
 0003:000000dc       _doserrno_no_memory        100420dc     libucrt:errno.obj
 0003:000000e4       ___acrt_flsindex           100420e4     libucrt:per_thread_data.obj
 0003:000001e4       ___rgctypeflag             100421e4     libucrt:mbctype.obj
 0003:000001e8       ___rgcode_page_info        100421e8     libucrt:mbctype.obj
 0003:00000780       __module                   10042780     node_usb.obj
 0003:000007a4       ?first_init@?1??libusb_init@@9@9 100427a4     libusb:core.obj
 0003:000007a8       ?handle_id@?1??libusb_hotplug_register_callback@@9@9 100427a8     libusb:hotplug.obj
 0003:000007c0       _windows_version_str       100427c0     libusb:windows_usb.obj
 0003:00000888       _concurrent_usage          10042888     libusb:windows_usb.obj
 0003:00000988       ?module_local_atexit_table@@3U_onexit_table_t@@A 10042988     LIBCMT:utility.obj
 0003:00000994       ?module_local_at_quick_exit_table@@3U_onexit_table_t@@A 10042994     LIBCMT:utility.obj
 0003:000009a0       ?is_initialized_as_dll@@3_NA 100429a0     LIBCMT:utility.obj
 0003:000009a4       ?__proc_attached@@3HA      100429a4     LIBCMT:dll_dllmain.obj
 0003:000009a8       _GS_ExceptionRecord        100429a8     LIBCMT:gs_report.obj
 0003:000009f8       _GS_ContextRecord          100429f8     LIBCMT:gs_report.obj
 0003:00000cdc       ?__vcrt_startup_thread_ptd@@3U__vcrt_ptd@@A 10042cdc     libvcruntime:per_thread_data.obj
 0003:00000d04       ___vcrt_lock_table         10042d04     libvcruntime:locks.obj
 0003:00000d1c       ___vcrt_locks_initialized  10042d1c     libvcruntime:locks.obj
 0003:00000d20       ?module_handles@@3PAPAUHINSTANCE__@@A 10042d20     libvcruntime:winapi_downlevel.obj
 0003:00000d30       ?encoded_function_pointers@@3PAPAXA 10042d30     libvcruntime:winapi_downlevel.obj
 0003:00000d80       ?heap@@3V_HeapManager@@A   10042d80     libvcruntime:undname.obj
 0003:00000d94       ___acrt_invalid_parameter_handler 10042d94     libucrt:invalid_parameter.obj
 0003:00000da4       ___acrt_new_handler        10042da4     libucrt:new_handler.obj
 0003:00000da8       _c_termination_complete    10042da8     libucrt:exit.obj
 0003:00000dac       _thread_local_exit_callback_func 10042dac     libucrt:exit.obj
 0003:00000db0       ?c_exit_complete@?5??common_exit@@YAXHW4_crt_exit_cleanup_mode@@W4_crt_exit_return_mode@@@Z@4_NA 10042db0     libucrt:exit.obj
 0003:00000db8       ?program_name@?5???$common_configure_argv@D@@YAHW4_crt_argv_mode@@@Z@4PADA 10042db8     libucrt:argv_parsing.obj
 0003:00000ef0       _module_handles            10042ef0     libucrt:winapi_thunks.obj
 0003:00000f40       _encoded_function_pointers 10042f40     libucrt:winapi_thunks.obj
 0003:00000fc0       ?state_cache@?1??__acrt_is_packaged_app@@9@4JA 10042fc0     libucrt:winapi_thunks.obj
 0003:000011cc       _enable_percent_n          100431cc     libucrt:printf_count_output.obj
 0003:000011d8       ___acrt_lock_table         100431d8     libucrt:locks.obj
 0003:00001310       ___acrt_locks_initialized  10043310     libucrt:locks.obj
 0003:00001314       ___acrt_app_type           10043314     libucrt:report_runtime_error.obj
 0003:00001318       ___acrt_error_mode         10043318     libucrt:set_error_mode.obj
 0003:0000131c       _ctrlc_action              1004331c     libucrt:signal.obj
 0003:00001320       _ctrlbreak_action          10043320     libucrt:signal.obj
 0003:00001324       _abort_action              10043324     libucrt:signal.obj
 0003:00001328       _term_action               10043328     libucrt:signal.obj
 0003:00001344       _fSystemSet                10043344     libucrt:mbctype.obj
 0003:00001348       ?initialized@?1??__acrt_initialize_multibyte@@9@4_NA 10043348     libucrt:mbctype.obj
 0003:00001368       _user_matherr              10043368     libucrt:matherr.obj
 0003:0000136c       ___acrt_global_new_mode    1004336c     libucrt:new_mode.obj
 0003:0000137c       __pmatherr_set             1004337c     libucrt:libm_error.obj
 0003:00001390       _default_context_lock      10043390     libusb:core.obj
 0003:00001394       _timestamp_origin          10043394     libusb:core.obj
 0003:0000139c       ?has_debug_header_been_displayed@?1??usbi_log_v@@9@9 1004339c     libusb:core.obj
 0003:000013a4       _default_context_refcnt    100433a4     libusb:core.obj
 0003:000013ac       _pCancelIoEx               100433ac     libusb:poll_windows.obj
 0003:000013b0       _compat_spinlock           100433b0     libusb:poll_windows.obj
 0003:000013b8       _CM_Get_Parent             100433b8     libusb:windows_usb.obj
 0003:000013bc       _pUnregisterClassA         100433bc     libusb:windows_usb.obj
 0003:000013c4       _pUnregisterDeviceNotification 100433c4     libusb:windows_usb.obj
 0003:000013cc       _pSetupDiDestroyDeviceInfoList 100433cc     libusb:windows_usb.obj
 0003:000013d0       _CM_Get_Child              100433d0     libusb:windows_usb.obj
 0003:000013d4       _HidD_GetProductString     100433d4     libusb:windows_usb.obj
 0003:000013d8       _pSetupDiEnumDeviceInterfaces 100433d8     libusb:windows_usb.obj
 0003:000013dc       _CM_Get_Sibling            100433dc     libusb:windows_usb.obj
 0003:000013e8       _HidD_GetAttributes        100433e8     libusb:windows_usb.obj
 0003:000013ec       _pRegQueryValueExW         100433ec     libusb:windows_usb.obj
 0003:000013f0       _pIsWow64Process           100433f0     libusb:windows_usb.obj
 0003:000013f4       _HidD_GetManufacturerString 100433f4     libusb:windows_usb.obj
 0003:00001400       _pRegisterClassExA         10043400     libusb:windows_usb.obj
 0003:00001404       _CM_Get_Device_ID_Size     10043404     libusb:windows_usb.obj
 0003:00001408       _pSetupDiGetClassDevsA     10043408     libusb:windows_usb.obj
 0003:00001420       _HidD_FlushQueue           10043420     libusb:windows_usb.obj
 0003:00001424       _pSetupDiOpenDevRegKey     10043424     libusb:windows_usb.obj
 0003:00001428       _pSetupDiGetClassDevsExA   10043428     libusb:windows_usb.obj
 0003:0000142c       _pSetupDiGetDeviceRegistryPropertyA 1004342c     libusb:windows_usb.obj
 0003:00001434       _pSetupDiEnumDeviceInfo    10043434     libusb:windows_usb.obj
 0003:00001438       _HidD_SetOutputReport      10043438     libusb:windows_usb.obj
 0003:0000143c       _HidP_GetCaps              1004343c     libusb:windows_usb.obj
 0003:00001440       _HidD_GetPreparsedData     10043440     libusb:windows_usb.obj
 0003:00001444       _HidD_FreePreparsedData    10043444     libusb:windows_usb.obj
 0003:00001448       _pRegCloseKey              10043448     libusb:windows_usb.obj
 0003:0000144c       _HidD_SetFeature           1004344c     libusb:windows_usb.obj
 0003:00001450       _pSetupDiGetDeviceInterfaceDetailA 10043450     libusb:windows_usb.obj
 0003:00001454       _HidD_GetPhysicalDescriptor 10043454     libusb:windows_usb.obj
 0003:00001460       _HidP_GetValueCaps         10043460     libusb:windows_usb.obj
 0003:00001464       _pRegisterDeviceNotificationA 10043464     libusb:windows_usb.obj
 0003:00001468       _pCLSIDFromString          10043468     libusb:windows_usb.obj
 0003:000014f0       _HidD_GetFeature           100434f0     libusb:windows_usb.obj
 0003:000014f4       _pSetupDiOpenDeviceInterfaceRegKey 100434f4     libusb:windows_usb.obj
 0003:000014fc       _HidD_SetNumInputBuffers   100434fc     libusb:windows_usb.obj
 0003:00001500       _HidD_GetHidGuid           10043500     libusb:windows_usb.obj
 0003:00001504       _CM_Get_Device_IDA         10043504     libusb:windows_usb.obj
 0003:00001508       _HidD_GetInputReport       10043508     libusb:windows_usb.obj
 0003:0000150c       _HidD_GetSerialNumberString 1004350c     libusb:windows_usb.obj
 0003:0000151c       ?device_constructor@@3V?$Persistent@VFunctionTemplate@v8@@V?$NonCopyablePersistentTraits@VFunctionTemplate@v8@@@2@@Nan@@A 1004351c     device.obj
 0003:000015c8       ?guid_string@?1??guid_to_string@@9@9 100435c8     libusb:windows_usb.obj
 0003:000016a0       ?err_string@?1??windows_error_str@@9@9 100436a0     libusb:windows_usb.obj
 0003:000017a0       _WinUSBX                   100437a0     libusb:windows_usb.obj
 0004:00000000       __guard_fids___beginthreadex 10048000     libucrt:thread.obj
 0004:00000004       __guard_fids____dcrt_uninitialize_environments_nolock 10048004     libucrt:environment_initialization.obj
 0004:0000000c       __guard_fids__             1004800c     libucrt:initialization.obj
 0004:0000006c       __guard_fids____acrt_initialize_ptd 1004806c     libucrt:per_thread_data.obj
 0004:00000070       __guard_fids__             10048070     libucrt:stdio_initializer.obj
 0004:00000074       __guard_fids__             10048074     libucrt:stdio_initializer.obj
 0004:00000078       __guard_fids_??$common_show_message_box@_W@@YAHQB_W0I@Z 10048078     libucrt:crtmbox.obj
 0004:0000007c       __guard_fids_??$expand_argument_wildcards@D@@YAHQAD0AAV?$argument_list@D@?A0xb0e4b824@@@Z 1004807c     libucrt:argv_wildcards.obj
 0004:00000080       __guard_fids__             10048080     libucrt:locale_initializer.obj
 0004:00000084       __guard_fids__             10048084     libucrt:multibyte_initializer.obj
 0004:00000088       __guard_fids____libm_error_support 10048088     libucrt:libm_error.obj
 0004:0000008c       __guard_fids__             1004808c     libucrt:console_output_initializer.obj
 0004:00000090       __guard_fids__             10048090     libucrt:sse2_initializer.obj
 0004:00000094       __guard_fids__             10048094     libcpmt:xthrow.obj
 0004:0000009c       __guard_fids__             1004809c     libcpmt:xthrow.obj
 0004:000000a4       __guard_fids__             100480a4     libcpmt:xthrow.obj
 0004:000000ac       __guard_fids__             100480ac     libcpmt:xthrow.obj
 0004:000000b4       __guard_fids__             100480b4     libcpmt:xthrow.obj
 0004:000000b8       __guard_fids__             100480b8     libcpmt:xthrow.obj
 0004:000000bc       __guard_fids__             100480bc     libcpmt:xthrow.obj
 0004:000000c0       __guard_fids__             100480c0     libcpmt:xthrow.obj
 0004:000000c4       __guard_fids__             100480c4     libcpmt:xthrow.obj
 0004:000000c8       __guard_fids__             100480c8     libcpmt:xthrow.obj
 0004:000000cc       __guard_fids_?dllmain_crt_process_attach@@YAHQAUHINSTANCE__@@QAX@Z 100480cc     LIBCMT:dll_dllmain.obj
 0004:000000d4       __guard_fids_?dllmain_dispatch@@YAHQAUHINSTANCE__@@KQAX@Z 100480d4     LIBCMT:dll_dllmain.obj
 0004:000000d8       __guard_fids__             100480d8     LIBCMT:std_type_info_static.obj
 0004:000000dc       __guard_fids__             100480dc     LIBCMT:throw_bad_alloc.obj
 0004:000000e4       __guard_fids__             100480e4     LIBCMT:throw_bad_alloc.obj
 0004:000000e8       __guard_fids__             100480e8     LIBCMT:throw_bad_alloc.obj
 0004:000000ec       __guard_fids__             100480ec     LIBCMT:guard_support.obj
 0004:000000f0       __guard_fids__             100480f0     libvcruntime:frame.obj
 0004:000000f4       __guard_fids__             100480f4     libvcruntime:frame.obj
 0004:000000fc       __guard_fids__             100480fc     libvcruntime:frame.obj
 0004:00000100       __guard_fids__             10048100     libvcruntime:frame.obj
 0004:00000104       __guard_fids____vcrt_initialize_ptd 10048104     libvcruntime:per_thread_data.obj
 0005:00000060       $R000000                   10049060     * linker generated manifest res *

 Exports

  ordinal    name

        1    __register_usb_bindings_
               exported name: _register_usb_bindings_
